<html>
<body>
<pre>
<h1>µVision Build Log</h1>
<h2>Project:</h2>
D:\MyDocument\SoftwareDevelop\GitHub\repositories\2015ElecMath_InvertedPendulum\USER\ICAPTURE.uvproj
Project File Date:  08/05/2015

<h2>Output:</h2>
Rebuild target 'Target 1'
compiling main.c...
compiling stm32f10x_it.c...
compiling system_stm32f10x.c...
compiling usart.c...
compiling Led.c...
compiling Key.c...
compiling StepperMotor.c...
compiling FreePole.c...
compiling MINI256Z.c...
compiling PID.c...
compiling MYDMA.c...
compiling Filter.c...
compiling Delay.c...
compiling Sys.c...
compiling TIM4.c...
compiling TIM2_CH4_PWM.c...
compiling core_cm3.c...
assembling startup_stm32f10x_hd.s...
compiling misc.c...
compiling stm32f10x_gpio.c...
compiling stm32f10x_rcc.c...
compiling stm32f10x_tim.c...
compiling stm32f10x_usart.c...
compiling stm32f10x_exti.c...
compiling stm32f10x_dma.c...
linking...
Program Size: Code=17482 RO-data=470 RW-data=128 ZI-data=1536  
FromELF: creating hex file...
"..\OBJ\ICAPTURE.axf" - 0 Errors, 0 Warning(s).
Load "..\\OBJ\\ICAPTURE.axf" 
Set JLink Project File to "D:\MyDocument\SoftwareDevelop\GitHub\repositories\2015ElecMath_InvertedPendulum\USER\JLinkSettings.ini"
* JLink Info: Device "STM32F103ZE" selected (512 KB flash, 64 KB RAM).
 
JLink info:
------------
DLL: V4.86b, compiled Jun 27 2014 20:11:00
Firmware: J-Link ARM V8 compiled Nov 25 2013 19:20:08
Hardware: V8.00
S/N : 286370559 
Feature(s) : RDI,FlashDL,FlashBP,JFlash 
 
* JLink Info: Found SWD-DP with ID 0x1BA01477
* JLink Info: Found SWD-DP with ID 0x1BA01477
* JLink Info: Found Cortex-M3 r1p1, Little endian.
* JLink Info: FPUnit: 6 code (BP) slots and 2 literal slots
* JLink Info: TPIU fitted.
ROMTableAddr = 0xE00FF003
 
Target info:
------------
Device: STM32F103ZE
VTarget = 3.293V
State of Pins: 
TCK: 0, TDI: 1, TDO: 1, TMS: 1, TRES: 1, TRST: 1
Hardware-Breakpoints: 6
Software-Breakpoints: 8192
Watchpoints:          4
JTAG speed: 4000 kHz
 
Erase Done.
Programming Done.
Verify OK.
Application running ...
Rebuild target 'Target 1'
compiling main.c...
compiling stm32f10x_it.c...
compiling system_stm32f10x.c...
compiling usart.c...
compiling Led.c...
compiling Key.c...
compiling StepperMotor.c...
compiling FreePole.c...
compiling MINI256Z.c...
compiling PID.c...
compiling MYDMA.c...
compiling Filter.c...
compiling Delay.c...
compiling Sys.c...
compiling TIM4.c...
compiling TIM2_CH4_PWM.c...
compiling core_cm3.c...
assembling startup_stm32f10x_hd.s...
compiling misc.c...
compiling stm32f10x_gpio.c...
compiling stm32f10x_rcc.c...
compiling stm32f10x_tim.c...
compiling stm32f10x_usart.c...
compiling stm32f10x_exti.c...
compiling stm32f10x_dma.c...
linking...
Program Size: Code=17482 RO-data=470 RW-data=120 ZI-data=1576  
FromELF: creating hex file...
"..\OBJ\ICAPTURE.axf" - 0 Errors, 0 Warning(s).
Load "..\\OBJ\\ICAPTURE.axf" 
Set JLink Project File to "D:\MyDocument\SoftwareDevelop\GitHub\repositories\2015ElecMath_InvertedPendulum\USER\JLinkSettings.ini"
* JLink Info: Device "STM32F103ZE" selected (512 KB flash, 64 KB RAM).
 
JLink info:
------------
DLL: V4.86b, compiled Jun 27 2014 20:11:00
Firmware: J-Link ARM V8 compiled Nov 25 2013 19:20:08
Hardware: V8.00
S/N : 286370559 
Feature(s) : RDI,FlashDL,FlashBP,JFlash 
 
* JLink Info: Found SWD-DP with ID 0x1BA01477
* JLink Info: Found SWD-DP with ID 0x1BA01477
* JLink Info: Found Cortex-M3 r1p1, Little endian.
* JLink Info: FPUnit: 6 code (BP) slots and 2 literal slots
* JLink Info: TPIU fitted.
ROMTableAddr = 0xE00FF003
 
Target info:
------------
Device: STM32F103ZE
VTarget = 3.293V
State of Pins: 
TCK: 0, TDI: 1, TDO: 1, TMS: 1, TRES: 1, TRST: 1
Hardware-Breakpoints: 6
Software-Breakpoints: 8192
Watchpoints:          4
JTAG speed: 4000 kHz
 
Erase Done.
Programming Done.
Verify OK.
Application running ...
Rebuild target 'Target 1'
compiling main.c...
compiling stm32f10x_it.c...
compiling system_stm32f10x.c...
compiling usart.c...
compiling Led.c...
compiling Key.c...
compiling StepperMotor.c...
compiling FreePole.c...
compiling MINI256Z.c...
compiling PID.c...
compiling MYDMA.c...
compiling Filter.c...
compiling Delay.c...
compiling Sys.c...
compiling TIM4.c...
compiling TIM2_CH4_PWM.c...
compiling core_cm3.c...
assembling startup_stm32f10x_hd.s...
compiling misc.c...
compiling stm32f10x_gpio.c...
compiling stm32f10x_rcc.c...
compiling stm32f10x_tim.c...
compiling stm32f10x_usart.c...
compiling stm32f10x_exti.c...
compiling stm32f10x_dma.c...
linking...
Program Size: Code=17482 RO-data=470 RW-data=128 ZI-data=1536  
FromELF: creating hex file...
"..\OBJ\ICAPTURE.axf" - 0 Errors, 0 Warning(s).
Load "..\\OBJ\\ICAPTURE.axf" 
Set JLink Project File to "D:\MyDocument\SoftwareDevelop\GitHub\repositories\2015ElecMath_InvertedPendulum\USER\JLinkSettings.ini"
* JLink Info: Device "STM32F103ZE" selected (512 KB flash, 64 KB RAM).
 
JLink info:
------------
DLL: V4.86b, compiled Jun 27 2014 20:11:00
Firmware: J-Link ARM V8 compiled Nov 25 2013 19:20:08
Hardware: V8.00
S/N : 286370559 
Feature(s) : RDI,FlashDL,FlashBP,JFlash 
 
* JLink Info: Found SWD-DP with ID 0x1BA01477
* JLink Info: Found SWD-DP with ID 0x1BA01477
* JLink Info: Found Cortex-M3 r1p1, Little endian.
* JLink Info: FPUnit: 6 code (BP) slots and 2 literal slots
* JLink Info: TPIU fitted.
ROMTableAddr = 0xE00FF003
 
Target info:
------------
Device: STM32F103ZE
VTarget = 3.293V
State of Pins: 
TCK: 0, TDI: 1, TDO: 1, TMS: 1, TRES: 1, TRST: 1
Hardware-Breakpoints: 6
Software-Breakpoints: 8192
Watchpoints:          4
JTAG speed: 4000 kHz
 
Erase Done.
Programming Done.
Verify OK.
Application running ...
Rebuild target 'Target 1'
compiling main.c...
compiling stm32f10x_it.c...
compiling system_stm32f10x.c...
compiling usart.c...
compiling Led.c...
compiling Key.c...
compiling StepperMotor.c...
compiling FreePole.c...
compiling MINI256Z.c...
compiling PID.c...
compiling MYDMA.c...
compiling Filter.c...
compiling Delay.c...
compiling Sys.c...
compiling TIM4.c...
compiling TIM2_CH4_PWM.c...
compiling core_cm3.c...
assembling startup_stm32f10x_hd.s...
compiling misc.c...
compiling stm32f10x_gpio.c...
compiling stm32f10x_rcc.c...
compiling stm32f10x_tim.c...
compiling stm32f10x_usart.c...
compiling stm32f10x_exti.c...
compiling stm32f10x_dma.c...
linking...
Program Size: Code=17442 RO-data=470 RW-data=128 ZI-data=1536  
FromELF: creating hex file...
"..\OBJ\ICAPTURE.axf" - 0 Errors, 0 Warning(s).
Load "..\\OBJ\\ICAPTURE.axf" 
Set JLink Project File to "D:\MyDocument\SoftwareDevelop\GitHub\repositories\2015ElecMath_InvertedPendulum\USER\JLinkSettings.ini"
* JLink Info: Device "STM32F103ZE" selected (512 KB flash, 64 KB RAM).
 
JLink info:
------------
DLL: V4.86b, compiled Jun 27 2014 20:11:00
Firmware: J-Link ARM V8 compiled Nov 25 2013 19:20:08
Hardware: V8.00
S/N : 286370559 
Feature(s) : RDI,FlashDL,FlashBP,JFlash 
 
* JLink Info: Found SWD-DP with ID 0x1BA01477
* JLink Info: Found SWD-DP with ID 0x1BA01477
* JLink Info: Found Cortex-M3 r1p1, Little endian.
* JLink Info: FPUnit: 6 code (BP) slots and 2 literal slots
* JLink Info: TPIU fitted.
ROMTableAddr = 0xE00FF003
 
Target info:
------------
Device: STM32F103ZE
VTarget = 3.293V
State of Pins: 
TCK: 0, TDI: 1, TDO: 1, TMS: 1, TRES: 1, TRST: 1
Hardware-Breakpoints: 6
Software-Breakpoints: 8192
Watchpoints:          4
JTAG speed: 4000 kHz
 
Erase Done.
Programming Done.
Verify OK.
Application running ...
Rebuild target 'Target 1'
compiling main.c...
compiling stm32f10x_it.c...
compiling system_stm32f10x.c...
compiling usart.c...
compiling Led.c...
compiling Key.c...
compiling StepperMotor.c...
compiling FreePole.c...
compiling MINI256Z.c...
compiling PID.c...
compiling MYDMA.c...
compiling Filter.c...
compiling Delay.c...
compiling Sys.c...
compiling TIM4.c...
compiling TIM2_CH4_PWM.c...
compiling core_cm3.c...
assembling startup_stm32f10x_hd.s...
compiling misc.c...
compiling stm32f10x_gpio.c...
compiling stm32f10x_rcc.c...
compiling stm32f10x_tim.c...
compiling stm32f10x_usart.c...
compiling stm32f10x_exti.c...
compiling stm32f10x_dma.c...
linking...
Program Size: Code=17442 RO-data=470 RW-data=128 ZI-data=1536  
FromELF: creating hex file...
"..\OBJ\ICAPTURE.axf" - 0 Errors, 0 Warning(s).
Load "..\\OBJ\\ICAPTURE.axf" 
Set JLink Project File to "D:\MyDocument\SoftwareDevelop\GitHub\repositories\2015ElecMath_InvertedPendulum\USER\JLinkSettings.ini"
* JLink Info: Device "STM32F103ZE" selected (512 KB flash, 64 KB RAM).
 
JLink info:
------------
DLL: V4.86b, compiled Jun 27 2014 20:11:00
Firmware: J-Link ARM V8 compiled Nov 25 2013 19:20:08
Hardware: V8.00
S/N : 286370559 
Feature(s) : RDI,FlashDL,FlashBP,JFlash 
 
* JLink Info: Found SWD-DP with ID 0x1BA01477
* JLink Info: Found SWD-DP with ID 0x1BA01477
* JLink Info: Found Cortex-M3 r1p1, Little endian.
* JLink Info: FPUnit: 6 code (BP) slots and 2 literal slots
* JLink Info: TPIU fitted.
ROMTableAddr = 0xE00FF003
 
Target info:
------------
Device: STM32F103ZE
VTarget = 3.293V
State of Pins: 
TCK: 0, TDI: 1, TDO: 1, TMS: 1, TRES: 1, TRST: 1
Hardware-Breakpoints: 6
Software-Breakpoints: 8192
Watchpoints:          4
JTAG speed: 4000 kHz
 
Erase Done.
Programming Done.
Verify OK.
Application running ...
