<html>
<body>
<pre>
<h1>µVision Build Log</h1>
<h2>Project:</h2>
D:\MyDocument\SoftwareDevelop\GitHub\repositories\2015ElecMath_InvertedPendulum\USER\ICAPTURE.uvproj
Project File Date:  07/16/2015

<h2>Output:</h2>
Rebuild target 'Target 1'
compiling main.c...
main.c(13): warning:  #177-D: variable "Key" was declared but never referenced
compiling stm32f10x_it.c...
compiling system_stm32f10x.c...
compiling usart.c...
compiling Led.c...
compiling Key.c...
compiling StepperMotor.c...
compiling FreePole.c...
compiling Delay.c...
compiling Sys.c...
compiling TIM2_CH4_PWM.c...
compiling core_cm3.c...
assembling startup_stm32f10x_hd.s...
compiling misc.c...
compiling stm32f10x_gpio.c...
compiling stm32f10x_rcc.c...
compiling stm32f10x_tim.c...
compiling stm32f10x_usart.c...
linking...
Program Size: Code=10824 RO-data=628 RW-data=52 ZI-data=1932  
FromELF: creating hex file...
"..\OBJ\ICAPTURE.axf" - 0 Errors, 1 Warning(s).
Rebuild target 'Target 1'
compiling main.c...
main.c(13): warning:  #177-D: variable "Key" was declared but never referenced
compiling stm32f10x_it.c...
compiling system_stm32f10x.c...
compiling usart.c...
compiling Led.c...
compiling Key.c...
compiling StepperMotor.c...
compiling FreePole.c...
compiling Delay.c...
compiling Sys.c...
compiling TIM2_CH4_PWM.c...
compiling core_cm3.c...
assembling startup_stm32f10x_hd.s...
compiling misc.c...
compiling stm32f10x_gpio.c...
compiling stm32f10x_rcc.c...
compiling stm32f10x_tim.c...
compiling stm32f10x_usart.c...
linking...
Program Size: Code=10840 RO-data=628 RW-data=52 ZI-data=1932  
FromELF: creating hex file...
"..\OBJ\ICAPTURE.axf" - 0 Errors, 1 Warning(s).
Rebuild target 'Target 1'
compiling main.c...
main.c(13): warning:  #177-D: variable "Key" was declared but never referenced
compiling stm32f10x_it.c...
compiling system_stm32f10x.c...
compiling usart.c...
compiling Led.c...
compiling Key.c...
compiling StepperMotor.c...
compiling FreePole.c...
compiling Delay.c...
compiling Sys.c...
compiling TIM2_CH4_PWM.c...
compiling core_cm3.c...
assembling startup_stm32f10x_hd.s...
compiling misc.c...
compiling stm32f10x_gpio.c...
compiling stm32f10x_rcc.c...
compiling stm32f10x_tim.c...
compiling stm32f10x_usart.c...
linking...
Program Size: Code=10888 RO-data=628 RW-data=52 ZI-data=1932  
FromELF: creating hex file...
"..\OBJ\ICAPTURE.axf" - 0 Errors, 1 Warning(s).
Rebuild target 'Target 1'
compiling main.c...
main.c(13): warning:  #177-D: variable "Key" was declared but never referenced
compiling stm32f10x_it.c...
compiling system_stm32f10x.c...
compiling usart.c...
compiling Led.c...
compiling Key.c...
compiling StepperMotor.c...
compiling FreePole.c...
compiling Delay.c...
compiling Sys.c...
compiling TIM2_CH4_PWM.c...
compiling core_cm3.c...
assembling startup_stm32f10x_hd.s...
compiling misc.c...
compiling stm32f10x_gpio.c...
compiling stm32f10x_rcc.c...
compiling stm32f10x_tim.c...
compiling stm32f10x_usart.c...
linking...
Program Size: Code=10868 RO-data=628 RW-data=52 ZI-data=1932  
FromELF: creating hex file...
"..\OBJ\ICAPTURE.axf" - 0 Errors, 1 Warning(s).
Rebuild target 'Target 1'
compiling main.c...
main.c(13): warning:  #177-D: variable "Key" was declared but never referenced
compiling stm32f10x_it.c...
compiling system_stm32f10x.c...
compiling usart.c...
compiling Led.c...
compiling Key.c...
compiling StepperMotor.c...
compiling FreePole.c...
compiling Delay.c...
compiling Sys.c...
compiling TIM2_CH4_PWM.c...
compiling core_cm3.c...
assembling startup_stm32f10x_hd.s...
compiling misc.c...
compiling stm32f10x_gpio.c...
compiling stm32f10x_rcc.c...
compiling stm32f10x_tim.c...
compiling stm32f10x_usart.c...
linking...
Program Size: Code=10860 RO-data=628 RW-data=52 ZI-data=1932  
FromELF: creating hex file...
"..\OBJ\ICAPTURE.axf" - 0 Errors, 1 Warning(s).
Rebuild target 'Target 1'
compiling main.c...
main.c(13): warning:  #177-D: variable "Key" was declared but never referenced
compiling stm32f10x_it.c...
compiling system_stm32f10x.c...
compiling usart.c...
compiling Led.c...
compiling Key.c...
compiling StepperMotor.c...
compiling FreePole.c...
compiling Delay.c...
compiling Sys.c...
compiling TIM2_CH4_PWM.c...
compiling core_cm3.c...
assembling startup_stm32f10x_hd.s...
compiling misc.c...
compiling stm32f10x_gpio.c...
compiling stm32f10x_rcc.c...
compiling stm32f10x_tim.c...
compiling stm32f10x_usart.c...
linking...
Program Size: Code=10900 RO-data=628 RW-data=52 ZI-data=1932  
FromELF: creating hex file...
"..\OBJ\ICAPTURE.axf" - 0 Errors, 1 Warning(s).
Rebuild target 'Target 1'
compiling main.c...
main.c(13): warning:  #177-D: variable "Key" was declared but never referenced
compiling stm32f10x_it.c...
compiling system_stm32f10x.c...
compiling usart.c...
compiling Led.c...
compiling Key.c...
compiling StepperMotor.c...
compiling FreePole.c...
compiling Delay.c...
compiling Sys.c...
compiling TIM2_CH4_PWM.c...
compiling core_cm3.c...
assembling startup_stm32f10x_hd.s...
compiling misc.c...
compiling stm32f10x_gpio.c...
compiling stm32f10x_rcc.c...
compiling stm32f10x_tim.c...
compiling stm32f10x_usart.c...
linking...
Program Size: Code=10924 RO-data=628 RW-data=52 ZI-data=1932  
FromELF: creating hex file...
"..\OBJ\ICAPTURE.axf" - 0 Errors, 1 Warning(s).
Rebuild target 'Target 1'
compiling main.c...
main.c(13): warning:  #177-D: variable "Key" was declared but never referenced
compiling stm32f10x_it.c...
compiling system_stm32f10x.c...
compiling usart.c...
compiling Led.c...
compiling Key.c...
compiling StepperMotor.c...
compiling FreePole.c...
compiling Delay.c...
compiling Sys.c...
compiling TIM2_CH4_PWM.c...
compiling core_cm3.c...
assembling startup_stm32f10x_hd.s...
compiling misc.c...
compiling stm32f10x_gpio.c...
compiling stm32f10x_rcc.c...
compiling stm32f10x_tim.c...
compiling stm32f10x_usart.c...
linking...
Program Size: Code=10908 RO-data=628 RW-data=52 ZI-data=1932  
FromELF: creating hex file...
"..\OBJ\ICAPTURE.axf" - 0 Errors, 1 Warning(s).
Rebuild target 'Target 1'
compiling main.c...
main.c(13): warning:  #177-D: variable "Key" was declared but never referenced
compiling stm32f10x_it.c...
compiling system_stm32f10x.c...
compiling usart.c...
compiling Led.c...
compiling Key.c...
compiling StepperMotor.c...
compiling FreePole.c...
compiling Delay.c...
compiling Sys.c...
compiling TIM2_CH4_PWM.c...
compiling core_cm3.c...
assembling startup_stm32f10x_hd.s...
compiling misc.c...
compiling stm32f10x_gpio.c...
compiling stm32f10x_rcc.c...
compiling stm32f10x_tim.c...
compiling stm32f10x_usart.c...
linking...
Program Size: Code=10916 RO-data=628 RW-data=52 ZI-data=1932  
FromELF: creating hex file...
"..\OBJ\ICAPTURE.axf" - 0 Errors, 1 Warning(s).
Rebuild target 'Target 1'
compiling main.c...
main.c(13): warning:  #177-D: variable "Key" was declared but never referenced
compiling stm32f10x_it.c...
compiling system_stm32f10x.c...
compiling usart.c...
compiling Led.c...
compiling Key.c...
compiling StepperMotor.c...
compiling FreePole.c...
compiling Delay.c...
compiling Sys.c...
compiling TIM2_CH4_PWM.c...
compiling core_cm3.c...
assembling startup_stm32f10x_hd.s...
compiling misc.c...
compiling stm32f10x_gpio.c...
compiling stm32f10x_rcc.c...
compiling stm32f10x_tim.c...
compiling stm32f10x_usart.c...
linking...
Program Size: Code=10912 RO-data=628 RW-data=52 ZI-data=1932  
FromELF: creating hex file...
"..\OBJ\ICAPTURE.axf" - 0 Errors, 1 Warning(s).
Rebuild target 'Target 1'
compiling main.c...
main.c(13): warning:  #177-D: variable "Key" was declared but never referenced
compiling stm32f10x_it.c...
compiling system_stm32f10x.c...
compiling usart.c...
compiling Led.c...
compiling Key.c...
compiling StepperMotor.c...
compiling FreePole.c...
compiling Delay.c...
compiling Sys.c...
compiling TIM2_CH4_PWM.c...
compiling core_cm3.c...
assembling startup_stm32f10x_hd.s...
compiling misc.c...
compiling stm32f10x_gpio.c...
compiling stm32f10x_rcc.c...
compiling stm32f10x_tim.c...
compiling stm32f10x_usart.c...
linking...
Program Size: Code=10900 RO-data=628 RW-data=52 ZI-data=1932  
FromELF: creating hex file...
"..\OBJ\ICAPTURE.axf" - 0 Errors, 1 Warning(s).
Rebuild target 'Target 1'
compiling main.c...
main.c(13): warning:  #177-D: variable "Key" was declared but never referenced
compiling stm32f10x_it.c...
compiling system_stm32f10x.c...
compiling usart.c...
compiling Led.c...
compiling Key.c...
compiling StepperMotor.c...
compiling FreePole.c...
compiling Delay.c...
compiling Sys.c...
compiling TIM2_CH4_PWM.c...
compiling core_cm3.c...
assembling startup_stm32f10x_hd.s...
compiling misc.c...
compiling stm32f10x_gpio.c...
compiling stm32f10x_rcc.c...
compiling stm32f10x_tim.c...
compiling stm32f10x_usart.c...
linking...
Program Size: Code=10856 RO-data=628 RW-data=52 ZI-data=1932  
FromELF: creating hex file...
"..\OBJ\ICAPTURE.axf" - 0 Errors, 1 Warning(s).
Rebuild target 'Target 1'
compiling main.c...
main.c(13): warning:  #177-D: variable "Key" was declared but never referenced
compiling stm32f10x_it.c...
compiling system_stm32f10x.c...
compiling usart.c...
compiling Led.c...
compiling Key.c...
compiling StepperMotor.c...
compiling FreePole.c...
compiling Delay.c...
compiling Sys.c...
compiling TIM2_CH4_PWM.c...
compiling core_cm3.c...
assembling startup_stm32f10x_hd.s...
compiling misc.c...
compiling stm32f10x_gpio.c...
compiling stm32f10x_rcc.c...
compiling stm32f10x_tim.c...
compiling stm32f10x_usart.c...
linking...
Program Size: Code=10840 RO-data=628 RW-data=52 ZI-data=1932  
FromELF: creating hex file...
"..\OBJ\ICAPTURE.axf" - 0 Errors, 1 Warning(s).
Rebuild target 'Target 1'
compiling main.c...
main.c(13): warning:  #177-D: variable "Key" was declared but never referenced
compiling stm32f10x_it.c...
compiling system_stm32f10x.c...
compiling usart.c...
compiling Led.c...
compiling Key.c...
compiling StepperMotor.c...
compiling FreePole.c...
compiling Delay.c...
compiling Sys.c...
compiling TIM2_CH4_PWM.c...
compiling core_cm3.c...
assembling startup_stm32f10x_hd.s...
compiling misc.c...
compiling stm32f10x_gpio.c...
compiling stm32f10x_rcc.c...
compiling stm32f10x_tim.c...
compiling stm32f10x_usart.c...
linking...
Program Size: Code=10852 RO-data=628 RW-data=52 ZI-data=1932  
FromELF: creating hex file...
"..\OBJ\ICAPTURE.axf" - 0 Errors, 1 Warning(s).
Rebuild target 'Target 1'
compiling main.c...
main.c(13): warning:  #177-D: variable "Key" was declared but never referenced
compiling stm32f10x_it.c...
compiling system_stm32f10x.c...
compiling usart.c...
compiling Led.c...
compiling Key.c...
compiling StepperMotor.c...
compiling FreePole.c...
compiling Delay.c...
compiling Sys.c...
compiling TIM2_CH4_PWM.c...
compiling core_cm3.c...
assembling startup_stm32f10x_hd.s...
compiling misc.c...
compiling stm32f10x_gpio.c...
compiling stm32f10x_rcc.c...
compiling stm32f10x_tim.c...
compiling stm32f10x_usart.c...
linking...
Program Size: Code=10876 RO-data=628 RW-data=52 ZI-data=1932  
FromELF: creating hex file...
"..\OBJ\ICAPTURE.axf" - 0 Errors, 1 Warning(s).
Rebuild target 'Target 1'
compiling main.c...
main.c(13): warning:  #177-D: variable "Key" was declared but never referenced
compiling stm32f10x_it.c...
compiling system_stm32f10x.c...
compiling usart.c...
compiling Led.c...
compiling Key.c...
compiling StepperMotor.c...
compiling FreePole.c...
compiling Delay.c...
compiling Sys.c...
compiling TIM2_CH4_PWM.c...
compiling core_cm3.c...
assembling startup_stm32f10x_hd.s...
compiling misc.c...
compiling stm32f10x_gpio.c...
compiling stm32f10x_rcc.c...
compiling stm32f10x_tim.c...
compiling stm32f10x_usart.c...
linking...
Program Size: Code=10924 RO-data=628 RW-data=52 ZI-data=1932  
FromELF: creating hex file...
"..\OBJ\ICAPTURE.axf" - 0 Errors, 1 Warning(s).
Rebuild target 'Target 1'
compiling main.c...
main.c(13): warning:  #177-D: variable "Key" was declared but never referenced
compiling stm32f10x_it.c...
compiling system_stm32f10x.c...
compiling usart.c...
compiling Led.c...
compiling Key.c...
compiling StepperMotor.c...
compiling FreePole.c...
compiling Delay.c...
compiling Sys.c...
compiling TIM2_CH4_PWM.c...
compiling core_cm3.c...
assembling startup_stm32f10x_hd.s...
compiling misc.c...
compiling stm32f10x_gpio.c...
compiling stm32f10x_rcc.c...
compiling stm32f10x_tim.c...
compiling stm32f10x_usart.c...
linking...
Program Size: Code=10892 RO-data=628 RW-data=52 ZI-data=1932  
FromELF: creating hex file...
"..\OBJ\ICAPTURE.axf" - 0 Errors, 1 Warning(s).
Rebuild target 'Target 1'
compiling main.c...
main.c(13): warning:  #177-D: variable "Key" was declared but never referenced
compiling stm32f10x_it.c...
compiling system_stm32f10x.c...
compiling usart.c...
compiling Led.c...
compiling Key.c...
compiling StepperMotor.c...
compiling FreePole.c...
compiling Delay.c...
compiling Sys.c...
compiling TIM2_CH4_PWM.c...
compiling core_cm3.c...
assembling startup_stm32f10x_hd.s...
compiling misc.c...
compiling stm32f10x_gpio.c...
compiling stm32f10x_rcc.c...
compiling stm32f10x_tim.c...
compiling stm32f10x_usart.c...
linking...
Program Size: Code=10904 RO-data=628 RW-data=52 ZI-data=1932  
FromELF: creating hex file...
"..\OBJ\ICAPTURE.axf" - 0 Errors, 1 Warning(s).
Rebuild target 'Target 1'
compiling main.c...
main.c(13): warning:  #177-D: variable "Key" was declared but never referenced
compiling stm32f10x_it.c...
compiling system_stm32f10x.c...
compiling usart.c...
compiling Led.c...
compiling Key.c...
compiling StepperMotor.c...
compiling FreePole.c...
compiling Delay.c...
compiling Sys.c...
compiling TIM2_CH4_PWM.c...
compiling core_cm3.c...
assembling startup_stm32f10x_hd.s...
compiling misc.c...
compiling stm32f10x_gpio.c...
compiling stm32f10x_rcc.c...
compiling stm32f10x_tim.c...
compiling stm32f10x_usart.c...
linking...
Program Size: Code=10796 RO-data=628 RW-data=52 ZI-data=1932  
FromELF: creating hex file...
"..\OBJ\ICAPTURE.axf" - 0 Errors, 1 Warning(s).
Rebuild target 'Target 1'
compiling main.c...
main.c(13): warning:  #177-D: variable "Key" was declared but never referenced
compiling stm32f10x_it.c...
compiling system_stm32f10x.c...
compiling usart.c...
compiling Led.c...
compiling Key.c...
compiling StepperMotor.c...
compiling FreePole.c...
compiling Delay.c...
compiling Sys.c...
compiling TIM2_CH4_PWM.c...
compiling core_cm3.c...
assembling startup_stm32f10x_hd.s...
compiling misc.c...
compiling stm32f10x_gpio.c...
compiling stm32f10x_rcc.c...
compiling stm32f10x_tim.c...
compiling stm32f10x_usart.c...
linking...
Program Size: Code=10772 RO-data=628 RW-data=52 ZI-data=1932  
FromELF: creating hex file...
"..\OBJ\ICAPTURE.axf" - 0 Errors, 1 Warning(s).
Rebuild target 'Target 1'
compiling main.c...
main.c(13): warning:  #177-D: variable "Key" was declared but never referenced
compiling stm32f10x_it.c...
compiling system_stm32f10x.c...
compiling usart.c...
compiling Led.c...
compiling Key.c...
compiling StepperMotor.c...
compiling FreePole.c...
compiling Delay.c...
compiling Sys.c...
compiling TIM2_CH4_PWM.c...
compiling core_cm3.c...
assembling startup_stm32f10x_hd.s...
compiling misc.c...
compiling stm32f10x_gpio.c...
compiling stm32f10x_rcc.c...
compiling stm32f10x_tim.c...
compiling stm32f10x_usart.c...
linking...
Program Size: Code=10828 RO-data=628 RW-data=52 ZI-data=1932  
FromELF: creating hex file...
"..\OBJ\ICAPTURE.axf" - 0 Errors, 1 Warning(s).
Rebuild target 'Target 1'
compiling main.c...
main.c(13): warning:  #177-D: variable "Key" was declared but never referenced
compiling stm32f10x_it.c...
compiling system_stm32f10x.c...
compiling usart.c...
compiling Led.c...
compiling Key.c...
compiling StepperMotor.c...
compiling FreePole.c...
compiling Delay.c...
compiling Sys.c...
compiling TIM2_CH4_PWM.c...
compiling core_cm3.c...
assembling startup_stm32f10x_hd.s...
compiling misc.c...
compiling stm32f10x_gpio.c...
compiling stm32f10x_rcc.c...
compiling stm32f10x_tim.c...
compiling stm32f10x_usart.c...
linking...
Program Size: Code=10776 RO-data=628 RW-data=52 ZI-data=1932  
FromELF: creating hex file...
"..\OBJ\ICAPTURE.axf" - 0 Errors, 1 Warning(s).
Rebuild target 'Target 1'
compiling main.c...
main.c(13): warning:  #177-D: variable "Key" was declared but never referenced
compiling stm32f10x_it.c...
compiling system_stm32f10x.c...
compiling usart.c...
compiling Led.c...
compiling Key.c...
compiling StepperMotor.c...
compiling FreePole.c...
compiling Delay.c...
compiling Sys.c...
compiling TIM2_CH4_PWM.c...
compiling core_cm3.c...
assembling startup_stm32f10x_hd.s...
compiling misc.c...
compiling stm32f10x_gpio.c...
compiling stm32f10x_rcc.c...
compiling stm32f10x_tim.c...
compiling stm32f10x_usart.c...
linking...
Program Size: Code=10764 RO-data=628 RW-data=52 ZI-data=1932  
FromELF: creating hex file...
"..\OBJ\ICAPTURE.axf" - 0 Errors, 1 Warning(s).
Rebuild target 'Target 1'
compiling main.c...
main.c(13): warning:  #177-D: variable "Key" was declared but never referenced
compiling stm32f10x_it.c...
compiling system_stm32f10x.c...
compiling usart.c...
compiling Led.c...
compiling Key.c...
compiling StepperMotor.c...
compiling FreePole.c...
compiling Delay.c...
compiling Sys.c...
compiling TIM2_CH4_PWM.c...
compiling core_cm3.c...
assembling startup_stm32f10x_hd.s...
compiling misc.c...
compiling stm32f10x_gpio.c...
compiling stm32f10x_rcc.c...
compiling stm32f10x_tim.c...
compiling stm32f10x_usart.c...
linking...
Program Size: Code=10752 RO-data=628 RW-data=52 ZI-data=1932  
FromELF: creating hex file...
"..\OBJ\ICAPTURE.axf" - 0 Errors, 1 Warning(s).
Rebuild target 'Target 1'
compiling main.c...
main.c(13): warning:  #177-D: variable "Key" was declared but never referenced
compiling stm32f10x_it.c...
compiling system_stm32f10x.c...
compiling usart.c...
compiling Led.c...
compiling Key.c...
compiling StepperMotor.c...
compiling FreePole.c...
compiling Delay.c...
compiling Sys.c...
compiling TIM2_CH4_PWM.c...
compiling core_cm3.c...
assembling startup_stm32f10x_hd.s...
compiling misc.c...
compiling stm32f10x_gpio.c...
compiling stm32f10x_rcc.c...
compiling stm32f10x_tim.c...
compiling stm32f10x_usart.c...
linking...
Program Size: Code=10752 RO-data=628 RW-data=52 ZI-data=1932  
FromELF: creating hex file...
"..\OBJ\ICAPTURE.axf" - 0 Errors, 1 Warning(s).
Rebuild target 'Target 1'
compiling main.c...
main.c(13): warning:  #177-D: variable "Key" was declared but never referenced
compiling stm32f10x_it.c...
compiling system_stm32f10x.c...
compiling usart.c...
compiling Led.c...
compiling Key.c...
compiling StepperMotor.c...
compiling FreePole.c...
compiling Delay.c...
compiling Sys.c...
compiling TIM2_CH4_PWM.c...
compiling core_cm3.c...
assembling startup_stm32f10x_hd.s...
compiling misc.c...
compiling stm32f10x_gpio.c...
compiling stm32f10x_rcc.c...
compiling stm32f10x_tim.c...
compiling stm32f10x_usart.c...
linking...
Program Size: Code=10752 RO-data=628 RW-data=52 ZI-data=1932  
FromELF: creating hex file...
"..\OBJ\ICAPTURE.axf" - 0 Errors, 1 Warning(s).
Rebuild target 'Target 1'
compiling main.c...
main.c(13): warning:  #177-D: variable "Key" was declared but never referenced
compiling stm32f10x_it.c...
compiling system_stm32f10x.c...
compiling usart.c...
..\HARDWARE\usart.c(62): warning:  #177-D: variable "t" was declared but never referenced
..\HARDWARE\usart.c(63): warning:  #177-D: variable "len" was declared but never referenced
compiling Led.c...
compiling Key.c...
compiling StepperMotor.c...
compiling FreePole.c...
compiling Delay.c...
compiling Sys.c...
compiling TIM2_CH4_PWM.c...
compiling core_cm3.c...
assembling startup_stm32f10x_hd.s...
compiling misc.c...
compiling stm32f10x_gpio.c...
compiling stm32f10x_rcc.c...
compiling stm32f10x_tim.c...
compiling stm32f10x_usart.c...
linking...
Program Size: Code=10576 RO-data=628 RW-data=52 ZI-data=1932  
FromELF: creating hex file...
"..\OBJ\ICAPTURE.axf" - 0 Errors, 3 Warning(s).
Rebuild target 'Target 1'
compiling main.c...
main.c(13): warning:  #177-D: variable "Key" was declared but never referenced
compiling stm32f10x_it.c...
compiling system_stm32f10x.c...
compiling usart.c...
compiling Led.c...
compiling Key.c...
compiling StepperMotor.c...
compiling FreePole.c...
compiling Delay.c...
compiling Sys.c...
compiling TIM2_CH4_PWM.c...
compiling core_cm3.c...
assembling startup_stm32f10x_hd.s...
compiling misc.c...
compiling stm32f10x_gpio.c...
compiling stm32f10x_rcc.c...
compiling stm32f10x_tim.c...
compiling stm32f10x_usart.c...
linking...
Program Size: Code=10760 RO-data=628 RW-data=52 ZI-data=1932  
FromELF: creating hex file...
"..\OBJ\ICAPTURE.axf" - 0 Errors, 1 Warning(s).
Rebuild target 'Target 1'
compiling main.c...
main.c(13): warning:  #177-D: variable "Key" was declared but never referenced
compiling stm32f10x_it.c...
compiling system_stm32f10x.c...
compiling usart.c...
compiling Led.c...
compiling Key.c...
compiling StepperMotor.c...
compiling FreePole.c...
compiling Delay.c...
compiling Sys.c...
compiling TIM2_CH4_PWM.c...
compiling core_cm3.c...
assembling startup_stm32f10x_hd.s...
compiling misc.c...
compiling stm32f10x_gpio.c...
compiling stm32f10x_rcc.c...
compiling stm32f10x_tim.c...
compiling stm32f10x_usart.c...
linking...
Program Size: Code=10684 RO-data=628 RW-data=52 ZI-data=1932  
FromELF: creating hex file...
"..\OBJ\ICAPTURE.axf" - 0 Errors, 1 Warning(s).
Rebuild target 'Target 1'
compiling main.c...
main.c(13): warning:  #177-D: variable "Key" was declared but never referenced
compiling stm32f10x_it.c...
compiling system_stm32f10x.c...
compiling usart.c...
compiling Led.c...
compiling Key.c...
compiling StepperMotor.c...
compiling FreePole.c...
compiling Delay.c...
compiling Sys.c...
compiling TIM2_CH4_PWM.c...
compiling core_cm3.c...
assembling startup_stm32f10x_hd.s...
compiling misc.c...
compiling stm32f10x_gpio.c...
compiling stm32f10x_rcc.c...
compiling stm32f10x_tim.c...
compiling stm32f10x_usart.c...
linking...
Program Size: Code=10788 RO-data=628 RW-data=52 ZI-data=1932  
FromELF: creating hex file...
"..\OBJ\ICAPTURE.axf" - 0 Errors, 1 Warning(s).
Rebuild target 'Target 1'
compiling main.c...
main.c(13): warning:  #177-D: variable "Key" was declared but never referenced
compiling stm32f10x_it.c...
compiling system_stm32f10x.c...
compiling usart.c...
compiling Led.c...
compiling Key.c...
compiling StepperMotor.c...
compiling FreePole.c...
compiling Delay.c...
compiling Sys.c...
compiling TIM2_CH4_PWM.c...
compiling core_cm3.c...
assembling startup_stm32f10x_hd.s...
compiling misc.c...
compiling stm32f10x_gpio.c...
compiling stm32f10x_rcc.c...
compiling stm32f10x_tim.c...
compiling stm32f10x_usart.c...
linking...
Program Size: Code=10792 RO-data=628 RW-data=52 ZI-data=1932  
FromELF: creating hex file...
"..\OBJ\ICAPTURE.axf" - 0 Errors, 1 Warning(s).
Rebuild target 'Target 1'
compiling main.c...
main.c(13): warning:  #177-D: variable "Key" was declared but never referenced
compiling stm32f10x_it.c...
compiling system_stm32f10x.c...
compiling usart.c...
compiling Led.c...
compiling Key.c...
compiling StepperMotor.c...
compiling FreePole.c...
compiling Delay.c...
compiling Sys.c...
compiling TIM2_CH4_PWM.c...
compiling core_cm3.c...
assembling startup_stm32f10x_hd.s...
compiling misc.c...
compiling stm32f10x_gpio.c...
compiling stm32f10x_rcc.c...
compiling stm32f10x_tim.c...
compiling stm32f10x_usart.c...
linking...
Program Size: Code=10696 RO-data=628 RW-data=52 ZI-data=1932  
FromELF: creating hex file...
"..\OBJ\ICAPTURE.axf" - 0 Errors, 1 Warning(s).
Rebuild target 'Target 1'
compiling main.c...
main.c(13): warning:  #177-D: variable "Key" was declared but never referenced
compiling stm32f10x_it.c...
compiling system_stm32f10x.c...
compiling usart.c...
compiling Led.c...
compiling Key.c...
compiling StepperMotor.c...
compiling FreePole.c...
compiling Delay.c...
compiling Sys.c...
compiling TIM2_CH4_PWM.c...
compiling core_cm3.c...
assembling startup_stm32f10x_hd.s...
compiling misc.c...
compiling stm32f10x_gpio.c...
compiling stm32f10x_rcc.c...
compiling stm32f10x_tim.c...
compiling stm32f10x_usart.c...
linking...
Program Size: Code=10792 RO-data=628 RW-data=52 ZI-data=1932  
FromELF: creating hex file...
"..\OBJ\ICAPTURE.axf" - 0 Errors, 1 Warning(s).
Rebuild target 'Target 1'
compiling main.c...
main.c(13): warning:  #177-D: variable "Key" was declared but never referenced
compiling stm32f10x_it.c...
compiling system_stm32f10x.c...
compiling usart.c...
compiling Led.c...
compiling Key.c...
compiling StepperMotor.c...
compiling FreePole.c...
compiling Delay.c...
compiling Sys.c...
compiling TIM2_CH4_PWM.c...
compiling core_cm3.c...
assembling startup_stm32f10x_hd.s...
compiling misc.c...
compiling stm32f10x_gpio.c...
compiling stm32f10x_rcc.c...
compiling stm32f10x_tim.c...
compiling stm32f10x_usart.c...
linking...
Program Size: Code=10772 RO-data=628 RW-data=52 ZI-data=1932  
FromELF: creating hex file...
"..\OBJ\ICAPTURE.axf" - 0 Errors, 1 Warning(s).
Rebuild target 'Target 1'
compiling main.c...
main.c(13): warning:  #177-D: variable "Key" was declared but never referenced
compiling stm32f10x_it.c...
compiling system_stm32f10x.c...
compiling usart.c...
compiling Led.c...
compiling Key.c...
compiling StepperMotor.c...
compiling FreePole.c...
compiling Delay.c...
compiling Sys.c...
compiling TIM2_CH4_PWM.c...
compiling core_cm3.c...
assembling startup_stm32f10x_hd.s...
compiling misc.c...
compiling stm32f10x_gpio.c...
compiling stm32f10x_rcc.c...
compiling stm32f10x_tim.c...
compiling stm32f10x_usart.c...
linking...
Program Size: Code=13368 RO-data=640 RW-data=64 ZI-data=2192  
FromELF: creating hex file...
"..\OBJ\ICAPTURE.axf" - 0 Errors, 1 Warning(s).
Rebuild target 'Target 1'
compiling main.c...
main.c(13): warning:  #177-D: variable "Key" was declared but never referenced
compiling stm32f10x_it.c...
compiling system_stm32f10x.c...
compiling usart.c...
compiling Led.c...
compiling Key.c...
compiling StepperMotor.c...
compiling FreePole.c...
compiling Delay.c...
compiling Sys.c...
compiling TIM2_CH4_PWM.c...
compiling core_cm3.c...
assembling startup_stm32f10x_hd.s...
compiling misc.c...
compiling stm32f10x_gpio.c...
compiling stm32f10x_rcc.c...
compiling stm32f10x_tim.c...
compiling stm32f10x_usart.c...
linking...
Program Size: Code=10752 RO-data=628 RW-data=52 ZI-data=1932  
FromELF: creating hex file...
"..\OBJ\ICAPTURE.axf" - 0 Errors, 1 Warning(s).
Rebuild target 'Target 1'
compiling main.c...
main.c(13): warning:  #177-D: variable "Key" was declared but never referenced
compiling stm32f10x_it.c...
compiling system_stm32f10x.c...
compiling usart.c...
compiling Led.c...
compiling Key.c...
compiling StepperMotor.c...
compiling FreePole.c...
compiling Delay.c...
compiling Sys.c...
compiling TIM2_CH4_PWM.c...
compiling core_cm3.c...
assembling startup_stm32f10x_hd.s...
compiling misc.c...
compiling stm32f10x_gpio.c...
compiling stm32f10x_rcc.c...
compiling stm32f10x_tim.c...
compiling stm32f10x_usart.c...
linking...
Program Size: Code=10788 RO-data=628 RW-data=52 ZI-data=1932  
FromELF: creating hex file...
"..\OBJ\ICAPTURE.axf" - 0 Errors, 1 Warning(s).
Rebuild target 'Target 1'
compiling main.c...
main.c(13): warning:  #177-D: variable "Key" was declared but never referenced
compiling stm32f10x_it.c...
compiling system_stm32f10x.c...
compiling usart.c...
compiling Led.c...
compiling Key.c...
compiling StepperMotor.c...
compiling FreePole.c...
compiling Delay.c...
compiling Sys.c...
compiling TIM2_CH4_PWM.c...
compiling core_cm3.c...
assembling startup_stm32f10x_hd.s...
compiling misc.c...
compiling stm32f10x_gpio.c...
compiling stm32f10x_rcc.c...
compiling stm32f10x_tim.c...
compiling stm32f10x_usart.c...
linking...
Program Size: Code=10788 RO-data=628 RW-data=52 ZI-data=1932  
FromELF: creating hex file...
"..\OBJ\ICAPTURE.axf" - 0 Errors, 1 Warning(s).
Rebuild target 'Target 1'
compiling main.c...
main.c(13): warning:  #177-D: variable "Key" was declared but never referenced
compiling stm32f10x_it.c...
compiling system_stm32f10x.c...
compiling usart.c...
compiling Led.c...
compiling Key.c...
compiling StepperMotor.c...
compiling FreePole.c...
compiling Delay.c...
compiling Sys.c...
compiling TIM2_CH4_PWM.c...
compiling core_cm3.c...
assembling startup_stm32f10x_hd.s...
compiling misc.c...
compiling stm32f10x_gpio.c...
compiling stm32f10x_rcc.c...
compiling stm32f10x_tim.c...
compiling stm32f10x_usart.c...
linking...
Program Size: Code=10788 RO-data=628 RW-data=52 ZI-data=1932  
FromELF: creating hex file...
"..\OBJ\ICAPTURE.axf" - 0 Errors, 1 Warning(s).
