ARM Linker, 5.03 [Build 76] [MDK-ARM Standard]

==============================================================================

Section Cross References

    main.o(.text) refers to usart.o(.text) for usartParamsInit
    main.o(.text) refers to misc.o(.text) for NVIC_PriorityGroupConfig
    main.o(.text) refers to delay.o(.text) for delay_init
    main.o(.text) refers to led.o(.text) for LED_Init
    main.o(.text) refers to key.o(.text) for keyInit
    main.o(.text) refers to tim2_ch4_pwm.o(.text) for TIM2_Configuration
    main.o(.text) refers to freepole.o(.text) for FreePoleParamsInit
    main.o(.text) refers to steppermotor.o(.text) for Motor_GPIO_Configuration
    main.o(.text) refers to tim4.o(.text) for TIM4_Configuration
    main.o(.text) refers to mini256z.o(.text) for MINI256Z_TIM3_Init
    main.o(.text) refers to mydma.o(.text) for MYDMA_Config
    main.o(.text) refers to pid.o(.text) for PID_Init
    main.o(.text) refers to filter.o(.text) for Filter_Init
    main.o(.text) refers to mydma.o(.data) for SendBuff
    main.o(.text) refers to usart.o(.data) for Usart_Commod_Flag
    main.o(.text) refers to steppermotor.o(.bss) for StepperMotor
    main.o(.text) refers to tim4.o(.data) for TIM4_TASK
    system_stm32f10x.o(.text) refers to system_stm32f10x.o(.data) for SystemCoreClock
    usart.o(.text) refers to stm32f10x_rcc.o(.text) for RCC_APB2PeriphClockCmd
    usart.o(.text) refers to stm32f10x_usart.o(.text) for USART_DeInit
    usart.o(.text) refers to stm32f10x_gpio.o(.text) for GPIO_Init
    usart.o(.text) refers to misc.o(.text) for NVIC_Init
    usart.o(.text) refers to memseta.o(.text) for __aeabi_memclr4
    usart.o(.text) refers to atoi.o(.text) for atoi
    usart.o(.text) refers to tim2_ch4_pwm.o(.text) for SET_TIM2_CH4_Fre
    usart.o(.text) refers to atof.o(i.atof) for atof
    usart.o(.text) refers to d2f.o(.text) for __aeabi_d2f
    usart.o(.text) refers to strlen.o(.text) for strlen
    usart.o(.text) refers to usart.o(.data) for usartHead
    usart.o(.text) refers to usart.o(.bss) for USART_RX_BUF
    usart.o(.text) refers to steppermotor.o(.bss) for StepperMotor
    usart.o(.text) refers to pid.o(.data) for PID_SET_PID_OK
    usart.o(.text) refers to pid.o(.bss) for pid
    led.o(.text) refers to stm32f10x_rcc.o(.text) for RCC_APB2PeriphClockCmd
    led.o(.text) refers to stm32f10x_gpio.o(.text) for GPIO_Init
    key.o(.text) refers to stm32f10x_rcc.o(.text) for RCC_APB2PeriphClockCmd
    key.o(.text) refers to stm32f10x_gpio.o(.text) for GPIO_Init
    key.o(.text) refers to delay.o(.text) for delay_ms
    key.o(.text) refers to key.o(.data) for KEY_UP
    steppermotor.o(.text) refers to stm32f10x_rcc.o(.text) for RCC_APB2PeriphClockCmd
    steppermotor.o(.text) refers to stm32f10x_gpio.o(.text) for GPIO_PinRemapConfig
    steppermotor.o(.text) refers to steppermotor.o(.bss) for StepperMotor
    freepole.o(.text) refers to freepole.o(.bss) for FreePole
    mini256z.o(.text) refers to stm32f10x_rcc.o(.text) for RCC_APB2PeriphClockCmd
    mini256z.o(.text) refers to stm32f10x_gpio.o(.text) for GPIO_Init
    mini256z.o(.text) refers to stm32f10x_exti.o(.text) for EXTI_Init
    mini256z.o(.text) refers to misc.o(.text) for NVIC_Init
    mini256z.o(.text) refers to stm32f10x_tim.o(.text) for TIM_DeInit
    mini256z.o(.text) refers to dfltui.o(.text) for __aeabi_ui2d
    mini256z.o(.text) refers to dmul.o(.text) for __aeabi_dmul
    mini256z.o(.text) refers to dadd.o(.text) for __aeabi_dadd
    mini256z.o(.text) refers to ddiv.o(.text) for __aeabi_ddiv
    mini256z.o(.text) refers to dfixui.o(.text) for __aeabi_d2uiz
    mini256z.o(.text) refers to dflti.o(.text) for __aeabi_i2d
    mini256z.o(.text) refers to cdcmple.o(.text) for __aeabi_cdcmple
    mini256z.o(.text) refers to cdrcmple.o(.text) for __aeabi_cdrcmple
    mini256z.o(.text) refers to delay.o(.text) for delay_ms
    mini256z.o(.text) refers to dfixi.o(.text) for __aeabi_d2iz
    mini256z.o(.text) refers to mydma.o(.text) for USART_DMA1_Send
    mini256z.o(.text) refers to mini256z.o(.data) for sum_AcutalAngle
    mini256z.o(.text) refers to freepole.o(.bss) for FreePole
    pid.o(.text) refers to mini256z.o(.text) for Get_Electrical_Position_MINI256Z
    pid.o(.text) refers to dfltui.o(.text) for __aeabi_ui2d
    pid.o(.text) refers to cdcmple.o(.text) for __aeabi_cdcmple
    pid.o(.text) refers to cdrcmple.o(.text) for __aeabi_cdrcmple
    pid.o(.text) refers to tim2_ch4_pwm.o(.text) for SET_TIM2_CH4_Fre
    pid.o(.text) refers to filter.o(.text) for windowSlideFilter
    pid.o(.text) refers to dadd.o(.text) for __aeabi_dsub
    pid.o(.text) refers to f2d.o(.text) for __aeabi_f2d
    pid.o(.text) refers to dmul.o(.text) for __aeabi_dmul
    pid.o(.text) refers to dfixi.o(.text) for __aeabi_d2iz
    pid.o(.text) refers to dfixui.o(.text) for __aeabi_d2uiz
    pid.o(.text) refers to dflti.o(.text) for __aeabi_i2d
    pid.o(.text) refers to pid.o(.bss) for pid4Motor
[...]
    printf7.o(i.__0sprintf$7) refers to printf7.o(i._printf_core) for _printf_core
    printf7.o(i.__0sprintf$7) refers to printf7.o(i._sputc) for _sputc
    printf7.o(i.__0vfprintf$7) refers to printf7.o(i._printf_core) for _printf_core
    printf7.o(i.__0vfprintf$7) refers to usart.o(.text) for fputc
    printf7.o(i.__0vprintf$7) refers to printf7.o(i._printf_core) for _printf_core
    printf7.o(i.__0vprintf$7) refers to usart.o(.text) for fputc
    printf7.o(i.__0vprintf$7) refers to stdout.o(.data) for __stdout
    printf7.o(i.__0vsnprintf$7) refers to printf7.o(i._printf_core) for _printf_core
    printf7.o(i.__0vsnprintf$7) refers to printf7.o(i._snputc) for _snputc
    printf7.o(i.__0vsprintf$7) refers to printf7.o(i._printf_core) for _printf_core
    printf7.o(i.__0vsprintf$7) refers to printf7.o(i._sputc) for _sputc
    printf7.o(i._printf_core) refers to printf7.o(i._printf_pre_padding) for _printf_pre_padding
    printf7.o(i._printf_core) refers to uldiv.o(.text) for __aeabi_uldivmod
    printf7.o(i._printf_core) refers to printf7.o(i._printf_post_padding) for _printf_post_padding
    printf8.o(i.__0fprintf$8) refers to printf8.o(i._printf_core) for _printf_core
    printf8.o(i.__0fprintf$8) refers to usart.o(.text) for fputc
    printf8.o(i.__0printf$8) refers to printf8.o(i._printf_core) for _printf_core
    printf8.o(i.__0printf$8) refers to usart.o(.text) for fputc
    printf8.o(i.__0printf$8) refers to stdout.o(.data) for __stdout
    printf8.o(i.__0snprintf$8) refers to printf8.o(i._printf_core) for _printf_core
    printf8.o(i.__0snprintf$8) refers to printf8.o(i._snputc) for _snputc
    printf8.o(i.__0sprintf$8) refers to printf8.o(i._printf_core) for _printf_core
    printf8.o(i.__0sprintf$8) refers to printf8.o(i._sputc) for _sputc
    printf8.o(i.__0vfprintf$8) refers to printf8.o(i._printf_core) for _printf_core
    printf8.o(i.__0vfprintf$8) refers to usart.o(.text) for fputc
    printf8.o(i.__0vprintf$8) refers to printf8.o(i._printf_core) for _printf_core
    printf8.o(i.__0vprintf$8) refers to usart.o(.text) for fputc
    printf8.o(i.__0vprintf$8) refers to stdout.o(.data) for __stdout
    printf8.o(i.__0vsnprintf$8) refers to printf8.o(i._printf_core) for _printf_core
    printf8.o(i.__0vsnprintf$8) refers to printf8.o(i._snputc) for _snputc
    printf8.o(i.__0vsprintf$8) refers to printf8.o(i._printf_core) for _printf_core
    printf8.o(i.__0vsprintf$8) refers to printf8.o(i._sputc) for _sputc
    printf8.o(i._printf_core) refers to printf8.o(i._printf_pre_padding) for _printf_pre_padding
    printf8.o(i._printf_core) refers to uldiv.o(.text) for __aeabi_uldivmod
    printf8.o(i._printf_core) refers to printf8.o(i._printf_post_padding) for _printf_post_padding
    printfa.o(i.__0fprintf) refers (Special) to iusefp.o(.text) for __I$use$fp
    printfa.o(i.__0fprintf) refers to printfa.o(i._printf_core) for _printf_core
    printfa.o(i.__0fprintf) refers to usart.o(.text) for fputc
    printfa.o(i.__0printf) refers (Special) to iusefp.o(.text) for __I$use$fp
    printfa.o(i.__0printf) refers to printfa.o(i._printf_core) for _printf_core
    printfa.o(i.__0printf) refers to usart.o(.text) for fputc
    printfa.o(i.__0printf) refers to stdout.o(.data) for __stdout
    printfa.o(i.__0snprintf) refers (Special) to iusefp.o(.text) for __I$use$fp
    printfa.o(i.__0snprintf) refers to printfa.o(i._printf_core) for _printf_core
    printfa.o(i.__0snprintf) refers to printfa.o(i._snputc) for _snputc
    printfa.o(i.__0sprintf) refers (Special) to iusefp.o(.text) for __I$use$fp
    printfa.o(i.__0sprintf) refers to printfa.o(i._printf_core) for _printf_core
    printfa.o(i.__0sprintf) refers to printfa.o(i._sputc) for _sputc
    printfa.o(i.__0vfprintf) refers (Special) to iusefp.o(.text) for __I$use$fp
    printfa.o(i.__0vfprintf) refers to printfa.o(i._printf_core) for _printf_core
    printfa.o(i.__0vfprintf) refers to usart.o(.text) for fputc
    printfa.o(i.__0vprintf) refers (Special) to iusefp.o(.text) for __I$use$fp
    printfa.o(i.__0vprintf) refers to printfa.o(i._printf_core) for _printf_core
    printfa.o(i.__0vprintf) refers to usart.o(.text) for fputc
    printfa.o(i.__0vprintf) refers to stdout.o(.data) for __stdout
    printfa.o(i.__0vsnprintf) refers (Special) to iusefp.o(.text) for __I$use$fp
    printfa.o(i.__0vsnprintf) refers to printfa.o(i._printf_core) for _printf_core
    printfa.o(i.__0vsnprintf) refers to printfa.o(i._snputc) for _snputc
    printfa.o(i.__0vsprintf) refers (Special) to iusefp.o(.text) for __I$use$fp
    printfa.o(i.__0vsprintf) refers to printfa.o(i._printf_core) for _printf_core
    printfa.o(i.__0vsprintf) refers to printfa.o(i._sputc) for _sputc
    printfa.o(i._fp_digits) refers (Special) to iusefp.o(.text) for __I$use$fp
    printfa.o(i._fp_digits) refers to dmul.o(.text) for __aeabi_dmul
    printfa.o(i._fp_digits) refers to ddiv.o(.text) for __aeabi_ddiv
    printfa.o(i._fp_digits) refers to cdrcmple.o(.text) for __aeabi_cdrcmple
    printfa.o(i._fp_digits) refers to dadd.o(.text) for __aeabi_dadd
    printfa.o(i._fp_digits) refers to dfixul.o(.text) for __aeabi_d2ulz
    printfa.o(i._fp_digits) refers to uldiv.o(.text) for __aeabi_uldivmod
    printfa.o(i._printf_core) refers (Special) to iusefp.o(.text) for __I$use$fp
    printfa.o(i._printf_core) refers to printfa.o(i._printf_pre_padding) for _printf_pre_padding
    printfa.o(i._printf_core) refers to uldiv.o(.text) for __aeabi_uldivmod
    printfa.o(i._printf_core) refers to printfa.o(i._printf_post_padding) for _printf_post_padding
    printfa.o(i._printf_core) refers to printfa.o(i._fp_digits) for _fp_digits
    printfa.o(i._printf_core) refers to uidiv.o(.text) for __aeabi_uidivmod
    printfa.o(i._printf_post_padding) refers (Special) to iusefp.o(.text) for __I$use$fp
    printfa.o(i._printf_pre_padding) refers (Special) to iusefp.o(.text) for __I$use$fp
    printfa.o(i._snputc) refers (Special) to iusefp.o(.text) for __I$use$fp
    printfa.o(i._sputc) refers (Special) to iusefp.o(.text) for __I$use$fp
    atoi.o(.text) refers to errno.o(i.__aeabi_errno_addr) for __aeabi_errno_addr
    atoi.o(.text) refers to strtol.o(.text) for strtol
    dadd.o(.text) refers (Special) to iusefp.o(.text) for __I$use$fp
    dadd.o(.text) refers to llshl.o(.text) for __aeabi_llsl
    dadd.o(.text) refers to llsshr.o(.text) for __aeabi_lasr
    dadd.o(.text) refers to depilogue.o(.text) for _double_epilogue
    dmul.o(.text) refers (Special) to iusefp.o(.text) for __I$use$fp
    dmul.o(.text) refers to depilogue.o(.text) for _double_epilogue
    ddiv.o(.text) refers (Special) to iusefp.o(.text) for __I$use$fp
    ddiv.o(.text) refers to depilogue.o(.text) for _double_round
    dflti.o(.text) refers (Special) to iusefp.o(.text) for __I$use$fp
    dflti.o(.text) refers to depilogue.o(.text) for _double_epilogue
    dfltui.o(.text) refers (Special) to iusefp.o(.text) for __I$use$fp
    dfltui.o(.text) refers to depilogue.o(.text) for _double_epilogue
    dfixi.o(.text) refers (Special) to iusefp.o(.text) for __I$use$fp
    dfixi.o(.text) refers to llushr.o(.text) for __aeabi_llsr
    dfixui.o(.text) refers (Special) to iusefp.o(.text) for __I$use$fp
    dfixui.o(.text) refers to llushr.o(.text) for __aeabi_llsr
    f2d.o(.text) refers (Special) to iusefp.o(.text) for __I$use$fp
    cdcmple.o(.text) refers (Special) to iusefp.o(.text) for __I$use$fp
    cdrcmple.o(.text) refers (Special) to iusefp.o(.text) for __I$use$fp
    d2f.o(.text) refers (Special) to iusefp.o(.text) for __I$use$fp
    d2f.o(.text) refers to fepilogue.o(.text) for _float_round
    entry2.o(.ARM.Collect$$$$00000001) refers to entry2.o(.ARM.Collect$$$$00002712) for __lit__00000000
    entry2.o(.ARM.Collect$$$$00002712) refers to startup_stm32f10x_hd.o(STACK) for __initial_sp
    entry2.o(__vectab_stack_and_reset_area) refers to startup_stm32f10x_hd.o(STACK) for __initial_sp
    entry2.o(__vectab_stack_and_reset_area) refers to entry.o(.ARM.Collect$$$$00000000) for __main
    entry5.o(.ARM.Collect$$$$00000004) refers to init.o(.text) for __scatterload
    entry9a.o(.ARM.Collect$$$$0000000B) refers to main.o(.text) for main
    entry9b.o(.ARM.Collect$$$$0000000C) refers to main.o(.text) for main
    uldiv.o(.text) refers to llushr.o(.text) for __aeabi_llsr
    uldiv.o(.text) refers to llshl.o(.text) for __aeabi_llsl
    errno.o(i.__aeabi_errno_addr) refers to errno.o(.data) for .data
    errno.o(i.__read_errno) refers to errno.o(.data) for .data
    errno.o(i.__set_errno) refers to errno.o(.data) for .data
    strtod.o(.text) refers to scanf_fp.o(.text) for _scanf_real
    strtod.o(.text) refers to _sgetc.o(.text) for _sgetc
    strtod.o(.text) refers to isspace_o.o(.text) for isspace
    strtol.o(.text) refers to ctype_o.o(.text) for __rt_ctype_table
    strtol.o(.text) refers to _strtoul.o(.text) for _strtoul
    strtol.o(.text) refers to errno.o(i.__aeabi_errno_addr) for __aeabi_errno_addr
    depilogue.o(.text) refers to llshl.o(.text) for __aeabi_llsl
    depilogue.o(.text) refers to llushr.o(.text) for __aeabi_llsr
    dfixul.o(.text) refers to llushr.o(.text) for __aeabi_llsr
    dfixul.o(.text) refers to llshl.o(.text) for __aeabi_llsl
    init.o(.text) refers to entry5.o(.ARM.Collect$$$$00000004) for __main_after_scatterload
    isspace_c.o(.text) refers to ctype_c.o(.text) for __ctype_lookup
    ctype_o.o(.text) refers to ctype_o.o(.constdata) for .constdata
    ctype_o.o(.constdata) refers to ctype_o.o(.constdata) for __ctype_table
    isalnum_o.o(.text) refers to ctype_o.o(.text) for __rt_ctype_table
    isalpha_o.o(.text) refers to ctype_o.o(.text) for __rt_ctype_table
    isblank_o.o(.text) refers to ctype_o.o(.constdata) for __ctype_table
    iscntrl_o.o(.text) refers to ctype_o.o(.text) for __rt_ctype_table
    isdigit_o.o(.text) refers to ctype_o.o(.text) for __rt_ctype_table
    isgraph_o.o(.text) refers to ctype_o.o(.text) for __rt_ctype_table
    islower_o.o(.text) refers to ctype_o.o(.text) for __rt_ctype_table
    isprint_o.o(.text) refers to ctype_o.o(.text) for __rt_ctype_table
    ispunct_o.o(.text) refers to ctype_o.o(.text) for __rt_ctype_table
    isspace_o.o(.text) refers to ctype_o.o(.text) for __rt_ctype_table
    isupper_o.o(.text) refers to ctype_o.o(.text) for __rt_ctype_table
    isxdigit_o.o(.text) refers to ctype_o.o(.text) for __rt_ctype_table
    scanf_fp.o(.text) refers (Special) to iusefp.o(.text) for __I$use$fp
    scanf_fp.o(.text) refers to dfltul.o(.text) for __aeabi_ul2d
    scanf_fp.o(.text) refers to dmul.o(.text) for __aeabi_dmul
    scanf_fp.o(.text) refers to ddiv.o(.text) for __aeabi_ddiv
    scanf_fp.o(.text) refers to scanf_fp.o(i._is_digit) for _is_digit
    scanf_fp.o(.text) refers to d2f.o(.text) for __aeabi_d2f
    _strtoul.o(.text) refers to _chval.o(.text) for _chval
    _strtoul.o(.text) refers to errno.o(i.__aeabi_errno_addr) for __aeabi_errno_addr
    ctype_c.o(.text) refers to ctype_c.o(.constdata) for .constdata
    dfltul.o(.text) refers to depilogue.o(.text) for _double_epilogue
    scanf_fp.o(i._is_digit) refers (Special) to iusefp.o(.text) for __I$use$fp


==============================================================================

Removing Unused input sections from the image.

    Removing core_cm3.o(.emb_text), (32 bytes).
    Removing startup_stm32f10x_hd.o(HEAP), (512 bytes).
    Removing dfixul.o(.text), (48 bytes).

3 unused section(s) (total 592 bytes) removed from the image.

==============================================================================

Image Symbol Table

    Local Symbols

    Symbol Name                              Value     Ov Type        Size  Object(Section)

    ../clib/microlib/ctype/ctype.c           0x00000000   Number         0  isxdigit_o.o ABSOLUTE
    ../clib/microlib/ctype/ctype.c           0x00000000   Number         0  ctype_c.o ABSOLUTE
    ../clib/microlib/ctype/ctype.c           0x00000000   Number         0  isspace_c.o ABSOLUTE
    ../clib/microlib/ctype/ctype.c           0x00000000   Number         0  isgraph_o.o ABSOLUTE
    ../clib/microlib/ctype/ctype.c           0x00000000   Number         0  isdigit_o.o ABSOLUTE
    ../clib/microlib/ctype/ctype.c           0x00000000   Number         0  ispunct_o.o ABSOLUTE
    ../clib/microlib/ctype/ctype.c           0x00000000   Number         0  isupper_o.o ABSOLUTE
    ../clib/microlib/ctype/ctype.c           0x00000000   Number         0  isspace_o.o ABSOLUTE
    ../clib/microlib/ctype/ctype.c           0x00000000   Number         0  isalpha_o.o ABSOLUTE
    ../clib/microlib/ctype/ctype.c           0x00000000   Number         0  isblank_o.o ABSOLUTE
    ../clib/microlib/ctype/ctype.c           0x00000000   Number         0  isalnum_o.o ABSOLUTE
    ../clib/microlib/ctype/ctype.c           0x00000000   Number         0  ctype_o.o ABSOLUTE
    ../clib/microlib/ctype/ctype.c           0x00000000   Number         0  isprint_o.o ABSOLUTE
    ../clib/microlib/ctype/ctype.c           0x00000000   Number         0  iscntrl_o.o ABSOLUTE
    ../clib/microlib/ctype/ctype.c           0x00000000   Number         0  islower_o.o ABSOLUTE
    ../clib/microlib/division.c              0x00000000   Number         0  uldiv.o ABSOLUTE
    ../clib/microlib/division.c              0x00000000   Number         0  uidiv.o ABSOLUTE
    ../clib/microlib/errno.c                 0x00000000   Number         0  errno.o ABSOLUTE
    ../clib/microlib/init/entry.s            0x00000000   Number         0  entry5.o ABSOLUTE
    ../clib/microlib/init/entry.s            0x00000000   Number         0  entry7b.o ABSOLUTE
    ../clib/microlib/init/entry.s            0x00000000   Number         0  entry7a.o ABSOLUTE
    ../clib/microlib/init/entry.s            0x00000000   Number         0  entry.o ABSOLUTE
    ../clib/microlib/init/entry.s            0x00000000   Number         0  entry9a.o ABSOLUTE
    ../clib/microlib/init/entry.s            0x00000000   Number         0  entry2.o ABSOLUTE
    ../clib/microlib/init/entry.s            0x00000000   Number         0  entry9b.o ABSOLUTE
    ../clib/microlib/init/entry.s            0x00000000   Number         0  entry10a.o ABSOLUTE
    ../clib/microlib/init/entry.s            0x00000000   Number         0  entry10b.o ABSOLUTE
    ../clib/microlib/init/entry.s            0x00000000   Number         0  entry8b.o ABSOLUTE
    ../clib/microlib/init/entry.s            0x00000000   Number         0  entry11a.o ABSOLUTE
    ../clib/microlib/init/entry.s            0x00000000   Number         0  entry8a.o ABSOLUTE
    ../clib/microlib/init/entry.s            0x00000000   Number         0  entry11b.o ABSOLUTE
    ../clib/microlib/longlong.c              0x00000000   Number         0  llsshr.o ABSOLUTE
    ../clib/microlib/longlong.c              0x00000000   Number         0  llushr.o ABSOLUTE
    ../clib/microlib/longlong.c              0x00000000   Number         0  llshl.o ABSOLUTE
    ../clib/microlib/printf/printf.c         0x00000000   Number         0  printf1.o ABSOLUTE
    ../clib/microlib/printf/printf.c         0x00000000   Number         0  printf2.o ABSOLUTE
    ../clib/microlib/printf/printf.c         0x00000000   Number         0  printf3.o ABSOLUTE
    ../clib/microlib/printf/printf.c         0x00000000   Number         0  printf0.o ABSOLUTE
    ../clib/microlib/printf/printf.c         0x00000000   Number         0  printf4.o ABSOLUTE
    ../clib/microlib/printf/printf.c         0x00000000   Number         0  printf5.o ABSOLUTE
    ../clib/microlib/printf/printf.c         0x00000000   Number         0  printf6.o ABSOLUTE
    ../clib/microlib/printf/printf.c         0x00000000   Number         0  printf8.o ABSOLUTE
    ../clib/microlib/printf/printf.c         0x00000000   Number         0  printfa.o ABSOLUTE
    ../clib/microlib/printf/printf.c         0x00000000   Number         0  printf7.o ABSOLUTE
    ../clib/microlib/printf/printf.c         0x00000000   Number         0  printfb.o ABSOLUTE
    ../clib/microlib/printf/stubs.s          0x00000000   Number         0  stubs.o ABSOLUTE
    ../clib/microlib/stdio/streams.c         0x00000000   Number         0  stdout.o ABSOLUTE
    ../clib/microlib/string/memset.c         0x00000000   Number         0  memseta.o ABSOLUTE
    ../clib/microlib/string/strlen.c         0x00000000   Number         0  strlen.o ABSOLUTE
    ../clib/microlib/stubs.s                 0x00000000   Number         0  iusefp.o ABSOLUTE
    ../clib/scanf.c                          0x00000000   Number         0  strtod.o ABSOLUTE
    ../clib/scanf.c                          0x00000000   Number         0  strtol.o ABSOLUTE
    ../clib/scanf.c                          0x00000000   Number         0  _chval.o ABSOLUTE
    ../clib/scanf.c                          0x00000000   Number         0  _strtoul.o ABSOLUTE
    ../clib/scanf.c                          0x00000000   Number         0  atoi.o ABSOLUTE
    ../clib/scanf.c                          0x00000000   Number         0  scanf_fp.o ABSOLUTE
    ../clib/scanf.c                          0x00000000   Number         0  _sgetc.o ABSOLUTE
    ../fplib/microlib/d2f.c                  0x00000000   Number         0  d2f.o ABSOLUTE
    ../fplib/microlib/f2d.c                  0x00000000   Number         0  f2d.o ABSOLUTE
    ../fplib/microlib/fpadd.c                0x00000000   Number         0  dadd.o ABSOLUTE
    ../fplib/microlib/fpdiv.c                0x00000000   Number         0  ddiv.o ABSOLUTE
    ../fplib/microlib/fpepilogue.c           0x00000000   Number         0  fepilogue.o ABSOLUTE
    ../fplib/microlib/fpepilogue.c           0x00000000   Number         0  depilogue.o ABSOLUTE
    ../fplib/microlib/fpfix.c                0x00000000   Number         0  dfixul.o ABSOLUTE
    ../fplib/microlib/fpfix.c                0x00000000   Number         0  dfixui.o ABSOLUTE
    ../fplib/microlib/fpfix.c                0x00000000   Number         0  dfixi.o ABSOLUTE
    ../fplib/microlib/fpflt.c                0x00000000   Number         0  dflti.o ABSOLUTE
    ../fplib/microlib/fpflt.c                0x00000000   Number         0  dfltul.o ABSOLUTE
    ../fplib/microlib/fpflt.c                0x00000000   Number         0  dfltui.o ABSOLUTE
    ../fplib/microlib/fpmul.c                0x00000000   Number         0  dmul.o ABSOLUTE
    ../mathlib/atof.c                        0x00000000   Number         0  atof.o ABSOLUTE
    ..\CORE\core_cm3.c                       0x00000000   Number         0  core_cm3.o ABSOLUTE
    ..\CORE\startup_stm32f10x_hd.s           0x00000000   Number         0  startup_stm32f10x_hd.o ABSOLUTE
    ..\HARDWARE\Filter.c                     0x00000000   Number         0  filter.o ABSOLUTE
    ..\HARDWARE\FreePole.c                   0x00000000   Number         0  freepole.o ABSOLUTE
    ..\HARDWARE\Key.c                        0x00000000   Number         0  key.o ABSOLUTE
    ..\HARDWARE\Led.c                        0x00000000   Number         0  led.o ABSOLUTE
    ..\HARDWARE\MINI256Z.c                   0x00000000   Number         0  mini256z.o ABSOLUTE
    ..\HARDWARE\MYDMA.c                      0x00000000   Number         0  mydma.o ABSOLUTE
    ..\HARDWARE\PID.c                        0x00000000   Number         0  pid.o ABSOLUTE
    ..\HARDWARE\StepperMotor.c               0x00000000   Number         0  steppermotor.o ABSOLUTE
    ..\HARDWARE\usart.c                      0x00000000   Number         0  usart.o ABSOLUTE
    ..\STM32F10x_FWLib\src\misc.c            0x00000000   Number         0  misc.o ABSOLUTE
    ..\STM32F10x_FWLib\src\stm32f10x_dma.c   0x00000000   Number         0  stm32f10x_dma.o ABSOLUTE
    ..\STM32F10x_FWLib\src\stm32f10x_exti.c  0x00000000   Number         0  stm32f10x_exti.o ABSOLUTE
    ..\STM32F10x_FWLib\src\stm32f10x_gpio.c  0x00000000   Number         0  stm32f10x_gpio.o ABSOLUTE
    ..\STM32F10x_FWLib\src\stm32f10x_rcc.c   0x00000000   Number         0  stm32f10x_rcc.o ABSOLUTE
    ..\STM32F10x_FWLib\src\stm32f10x_tim.c   0x00000000   Number         0  stm32f10x_tim.o ABSOLUTE
    ..\STM32F10x_FWLib\src\stm32f10x_usart.c 0x00000000   Number         0  stm32f10x_usart.o ABSOLUTE
    ..\SYS\Delay.c                           0x00000000   Number         0  delay.o ABSOLUTE
    ..\SYS\Sys.c                             0x00000000   Number         0  sys.o ABSOLUTE
    ..\SYS\TIM2_CH4_PWM.c                    0x00000000   Number         0  tim2_ch4_pwm.o ABSOLUTE
    ..\SYS\TIM4.c                            0x00000000   Number         0  tim4.o ABSOLUTE
    ..\\CORE\\core_cm3.c                     0x00000000   Number         0  core_cm3.o ABSOLUTE
    cdcmple.s                                0x00000000   Number         0  cdcmple.o ABSOLUTE
    cdrcmple.s                               0x00000000   Number         0  cdrcmple.o ABSOLUTE
    dc.s                                     0x00000000   Number         0  dc.o ABSOLUTE
    handlers.s                               0x00000000   Number         0  handlers.o ABSOLUTE
    init.s                                   0x00000000   Number         0  init.o ABSOLUTE
    main.c                                   0x00000000   Number         0  main.o ABSOLUTE
    stm32f10x_it.c                           0x00000000   Number         0  stm32f10x_it.o ABSOLUTE
    system_stm32f10x.c                       0x00000000   Number         0  system_stm32f10x.o ABSOLUTE
    RESET                                    0x08000000   Section      304  startup_stm32f10x_hd.o(RESET)
    .ARM.Collect$$$$00000000                 0x08000130   Section        0  entry.o(.ARM.Collect$$$$00000000)
    .ARM.Collect$$$$00000001                 0x08000130   Section        4  entry2.o(.ARM.Collect$$$$00000001)
    .ARM.Collect$$$$00000004                 0x08000134   Section        4  entry5.o(.ARM.Collect$$$$00000004)
    .ARM.Collect$$$$00000008                 0x08000138   Section        0  entry7b.o(.ARM.Collect$$$$00000008)
    .ARM.Collect$$$$0000000A                 0x08000138   Section        0  entry8b.o(.ARM.Collect$$$$0000000A)
    .ARM.Collect$$$$0000000B                 0x08000138   Section        8  entry9a.o(.ARM.Collect$$$$0000000B)
    .ARM.Collect$$$$0000000D                 0x08000140   Section        0  entry10a.o(.ARM.Collect$$$$0000000D)
    .ARM.Collect$$$$0000000F                 0x08000140   Section        0  entry11a.o(.ARM.Collect$$$$0000000F)
    .ARM.Collect$$$$00002712                 0x08000140   Section        4  entry2.o(.ARM.Collect$$$$00002712)
    __lit__00000000                          0x08000140   Data           4  entry2.o(.ARM.Collect$$$$00002712)
    .text                                    0x08000144   Section        0  main.o(.text)
    .text                                    0x0800028c   Section        0  stm32f10x_it.o(.text)
    .text                                    0x080002ac   Section        0  system_stm32f10x.o(.text)
    SetSysClockTo72                          0x080002ad   Thumb Code   212  system_stm32f10x.o(.text)
    SetSysClock                              0x08000381   Thumb Code     8  system_stm32f10x.o(.text)
    .text                                    0x08000488   Section        0  usart.o(.text)
    .text                                    0x08000954   Section        0  led.o(.text)
    .text                                    0x08000980   Section        0  key.o(.text)
    .text                                    0x080009fc   Section        0  steppermotor.o(.text)
    .text                                    0x08000a70   Section        0  freepole.o(.text)
    .text                                    0x08000a9c   Section        0  mini256z.o(.text)
    .text                                    0x08000dc0   Section        0  pid.o(.text)
    .text                                    0x08001224   Section        0  mydma.o(.text)
    .text                                    0x08001358   Section        0  filter.o(.text)
    .text                                    0x080013e0   Section        0  delay.o(.text)
    .text                                    0x080014b0   Section        0  tim4.o(.text)
    .text                                    0x080015f0   Section        0  tim2_ch4_pwm.o(.text)
    .text                                    0x080017c0   Section       36  startup_stm32f10x_hd.o(.text)
    .text                                    0x080017e4   Section        0  misc.o(.text)
    .text                                    0x080018c0   Section        0  stm32f10x_gpio.o(.text)
    .text                                    0x08001c18   Section        0  stm32f10x_rcc.o(.text)
    .text                                    0x08001fbc   Section        0  stm32f10x_tim.o(.text)
    TI4_Config                               0x08002463   Thumb Code   130  stm32f10x_tim.o(.text)
    TI3_Config                               0x080024f7   Thumb Code   122  stm32f10x_tim.o(.text)
    TI2_Config                               0x0800258b   Thumb Code   130  stm32f10x_tim.o(.text)
    TI1_Config                               0x0800261f   Thumb Code   108  stm32f10x_tim.o(.text)
    .text                                    0x08002dd8   Section        0  stm32f10x_usart.o(.text)
    .text                                    0x080031e0   Section        0  stm32f10x_exti.o(.text)
    .text                                    0x080032fc   Section        0  stm32f10x_dma.o(.text)
    .text                                    0x0800354c   Section        0  memseta.o(.text)
    .text                                    0x08003570   Section        0  strlen.o(.text)
    .text                                    0x0800357e   Section        0  atoi.o(.text)
    .text                                    0x08003598   Section        0  dadd.o(.text)
    .text                                    0x080036e6   Section        0  dmul.o(.text)
    .text                                    0x080037ca   Section        0  ddiv.o(.text)
    .text                                    0x080038a8   Section        0  dflti.o(.text)
    .text                                    0x080038ca   Section        0  dfltui.o(.text)
    .text                                    0x080038e4   Section        0  dfixi.o(.text)
    .text                                    0x08003922   Section        0  dfixui.o(.text)
    .text                                    0x08003954   Section        0  f2d.o(.text)
    .text                                    0x0800397c   Section       40  cdcmple.o(.text)
    .text                                    0x080039a4   Section       40  cdrcmple.o(.text)
    .text                                    0x080039cc   Section        0  d2f.o(.text)
    .text                                    0x08003a04   Section        0  uidiv.o(.text)
    .text                                    0x08003a30   Section        0  llshl.o(.text)
    .text                                    0x08003a4e   Section        0  llushr.o(.text)
    .text                                    0x08003a6e   Section        0  llsshr.o(.text)
    .text                                    0x08003a94   Section        0  strtod.o(.text)
    _local_sscanf                            0x08003a95   Thumb Code    54  strtod.o(.text)
    .text                                    0x08003b30   Section        0  strtol.o(.text)
    .text                                    0x08003ba0   Section        0  iusefp.o(.text)
    .text                                    0x08003ba0   Section        0  fepilogue.o(.text)
    .text                                    0x08003c0c   Section        0  depilogue.o(.text)
    .text                                    0x08003ccc   Section       36  init.o(.text)
    .text                                    0x08003cf0   Section        0  ctype_o.o(.text)
    .text                                    0x08003cf8   Section        0  isspace_o.o(.text)
    .text                                    0x08003d0c   Section        0  scanf_fp.o(.text)
    _fp_value                                0x08003d0d   Thumb Code   256  scanf_fp.o(.text)
    .text                                    0x08004048   Section        0  _sgetc.o(.text)
    .text                                    0x08004088   Section        0  _strtoul.o(.text)
    .text                                    0x08004126   Section        0  _chval.o(.text)
    .text                                    0x08004142   Section        0  dfltul.o(.text)
    i.__0sprintf$6                           0x0800415c   Section        0  printf6.o(i.__0sprintf$6)
    i.__aeabi_errno_addr                     0x08004184   Section        0  errno.o(i.__aeabi_errno_addr)
    i.__read_errno                           0x0800418c   Section        0  errno.o(i.__read_errno)
    i.__scatterload_copy                     0x08004198   Section       14  handlers.o(i.__scatterload_copy)
    i.__scatterload_null                     0x080041a6   Section        2  handlers.o(i.__scatterload_null)
    i.__scatterload_zeroinit                 0x080041a8   Section       14  handlers.o(i.__scatterload_zeroinit)
    i.__set_errno                            0x080041b8   Section        0  errno.o(i.__set_errno)
    i._is_digit                              0x080041c4   Section        0  scanf_fp.o(i._is_digit)
    i._printf_core                           0x080041d4   Section        0  printf6.o(i._printf_core)
    _printf_core                             0x080041d5   Thumb Code   750  printf6.o(i._printf_core)
    i._printf_post_padding                   0x080044c8   Section        0  printf6.o(i._printf_post_padding)
    _printf_post_padding                     0x080044c9   Thumb Code    38  printf6.o(i._printf_post_padding)
    i._printf_pre_padding                    0x080044ee   Section        0  printf6.o(i._printf_pre_padding)
    _printf_pre_padding                      0x080044ef   Thumb Code    48  printf6.o(i._printf_pre_padding)
    i._sputc                                 0x0800451e   Section        0  printf6.o(i._sputc)
    _sputc                                   0x0800451f   Thumb Code    10  printf6.o(i._sputc)
    i.atof                                   0x08004528   Section        0  atof.o(i.atof)
    .constdata                               0x08004552   Section      129  ctype_o.o(.constdata)
    .constdata                               0x080045d4   Section        4  ctype_o.o(.constdata)
    table                                    0x080045d4   Data           4  ctype_o.o(.constdata)
    .data                                    0x20000000   Section       20  system_stm32f10x.o(.data)
    .data                                    0x20000014   Section       12  usart.o(.data)
    .data                                    0x20000020   Section        1  key.o(.data)
    KEY_UP                                   0x20000020   Data           1  key.o(.data)
    .data                                    0x20000028   Section       30  mini256z.o(.data)
    .data                                    0x20000046   Section        1  pid.o(.data)
    .data                                    0x20000048   Section       14  mydma.o(.data)
    .data                                    0x20000056   Section        4  delay.o(.data)
    fac_us                                   0x20000056   Data           1  delay.o(.data)
    fac_ms                                   0x20000058   Data           2  delay.o(.data)
    .data                                    0x2000005c   Section        9  tim4.o(.data)
    .data                                    0x20000065   Section       20  stm32f10x_rcc.o(.data)
    APBAHBPrescTable                         0x20000065   Data          16  stm32f10x_rcc.o(.data)
    ADCPrescTable                            0x20000075   Data           4  stm32f10x_rcc.o(.data)
    .data                                    0x2000007c   Section        4  errno.o(.data)
    _errno                                   0x2000007c   Data           4  errno.o(.data)
    .bss                                     0x20000080   Section      200  usart.o(.bss)
    .bss                                     0x20000148   Section       36  steppermotor.o(.bss)
    .bss                                     0x20000170   Section       48  freepole.o(.bss)
    .bss                                     0x200001a0   Section      160  pid.o(.bss)
    .bss                                     0x20000240   Section       44  mydma.o(.bss)
    .bss                                     0x2000026c   Section       10  filter.o(.bss)
    .bss                                     0x20000276   Section       10  tim2_ch4_pwm.o(.bss)
    STACK                                    0x20000280   Section     1024  startup_stm32f10x_hd.o(STACK)

    Global Symbols

    Symbol Name                              Value     Ov Type        Size  Object(Section)

    BuildAttributes$$THM_ISAv4$P$D$K$B$S$PE$A:L22UL41UL21$X:L11$S22US41US21$IEEE1$IW$USESV6$~STKCKD$USESV7$~SHL$OTIME$ROPI$IEEEJ$EBA8$MICROLIB$REQ8$PRES8$EABIv2 0x00000000   Number         0  anon$$obj.o ABSOLUTE
    __ARM_use_no_argv                        0x00000000   Number         0  main.o ABSOLUTE
    _printf_a                                0x00000000   Number         0  stubs.o ABSOLUTE
    _printf_c                                0x00000000   Number         0  stubs.o ABSOLUTE
    _printf_charcount                        0x00000000   Number         0  stubs.o ABSOLUTE
    _printf_d                                0x00000000   Number         0  stubs.o ABSOLUTE
    _printf_e                                0x00000000   Number         0  stubs.o ABSOLUTE
    _printf_f                                0x00000000   Number         0  stubs.o ABSOLUTE
    _printf_flags                            0x00000000   Number         0  stubs.o ABSOLUTE
    _printf_fp_dec                           0x00000000   Number         0  stubs.o ABSOLUTE
    _printf_fp_hex                           0x00000000   Number         0  stubs.o ABSOLUTE
    _printf_g                                0x00000000   Number         0  stubs.o ABSOLUTE
    _printf_i                                0x00000000   Number         0  stubs.o ABSOLUTE
    _printf_int_dec                          0x00000000   Number         0  stubs.o ABSOLUTE
    _printf_l                                0x00000000   Number         0  stubs.o ABSOLUTE
    _printf_lc                               0x00000000   Number         0  stubs.o ABSOLUTE
    _printf_ll                               0x00000000   Number         0  stubs.o ABSOLUTE
    _printf_lld                              0x00000000   Number         0  stubs.o ABSOLUTE
    _printf_lli                              0x00000000   Number         0  stubs.o ABSOLUTE
    _printf_llo                              0x00000000   Number         0  stubs.o ABSOLUTE
    _printf_llu                              0x00000000   Number         0  stubs.o ABSOLUTE
    _printf_llx                              0x00000000   Number         0  stubs.o ABSOLUTE
    _printf_longlong_dec                     0x00000000   Number         0  stubs.o ABSOLUTE
    _printf_longlong_hex                     0x00000000   Number         0  stubs.o ABSOLUTE
    _printf_longlong_oct                     0x00000000   Number         0  stubs.o ABSOLUTE
    _printf_ls                               0x00000000   Number         0  stubs.o ABSOLUTE
    _printf_mbtowc                           0x00000000   Number         0  stubs.o ABSOLUTE
    _printf_n                                0x00000000   Number         0  stubs.o ABSOLUTE
    _printf_o                                0x00000000   Number         0  stubs.o ABSOLUTE
    _printf_p                                0x00000000   Number         0  stubs.o ABSOLUTE
    _printf_percent                          0x00000000   Number         0  stubs.o ABSOLUTE
    _printf_pre_padding                      0x00000000   Number         0  stubs.o ABSOLUTE
    _printf_return_value                     0x00000000   Number         0  stubs.o ABSOLUTE
    _printf_s                                0x00000000   Number         0  stubs.o ABSOLUTE
    _printf_sizespec                         0x00000000   Number         0  stubs.o ABSOLUTE
    _printf_str                              0x00000000   Number         0  stubs.o ABSOLUTE
    _printf_truncate_signed                  0x00000000   Number         0  stubs.o ABSOLUTE
    _printf_truncate_unsigned                0x00000000   Number         0  stubs.o ABSOLUTE
    _printf_u                                0x00000000   Number         0  stubs.o ABSOLUTE
    _printf_wc                               0x00000000   Number         0  stubs.o ABSOLUTE
    _printf_wctomb                           0x00000000   Number         0  stubs.o ABSOLUTE
    _printf_widthprec                        0x00000000   Number         0  stubs.o ABSOLUTE
    _printf_x                                0x00000000   Number         0  stubs.o ABSOLUTE
    __cpp_initialize__aeabi_                  - Undefined Weak Reference
    __cxa_finalize                            - Undefined Weak Reference
    __decompress                              - Undefined Weak Reference
    _clock_init                               - Undefined Weak Reference
    _microlib_exit                            - Undefined Weak Reference
    __Vectors_Size                           0x00000130   Number         0  startup_stm32f10x_hd.o ABSOLUTE
    __Vectors                                0x08000000   Data           4  startup_stm32f10x_hd.o(RESET)
    __Vectors_End                            0x08000130   Data           0  startup_stm32f10x_hd.o(RESET)
    __main                                   0x08000131   Thumb Code     0  entry.o(.ARM.Collect$$$$00000000)
    _main_stk                                0x08000131   Thumb Code     0  entry2.o(.ARM.Collect$$$$00000001)
    _main_scatterload                        0x08000135   Thumb Code     0  entry5.o(.ARM.Collect$$$$00000004)
    __main_after_scatterload                 0x08000139   Thumb Code     0  entry5.o(.ARM.Collect$$$$00000004)
    _main_clock                              0x08000139   Thumb Code     0  entry7b.o(.ARM.Collect$$$$00000008)
    _main_cpp_init                           0x08000139   Thumb Code     0  entry8b.o(.ARM.Collect$$$$0000000A)
    _main_init                               0x08000139   Thumb Code     0  entry9a.o(.ARM.Collect$$$$0000000B)
    __rt_final_cpp                           0x08000141   Thumb Code     0  entry10a.o(.ARM.Collect$$$$0000000D)
    __rt_final_exit                          0x08000141   Thumb Code     0  entry11a.o(.ARM.Collect$$$$0000000F)
    main                                     0x08000145   Thumb Code   288  main.o(.text)
    NMI_Handler                              0x0800028d   Thumb Code     2  stm32f10x_it.o(.text)
    HardFault_Handler                        0x0800028f   Thumb Code    10  stm32f10x_it.o(.text)
    MemManage_Handler                        0x08000299   Thumb Code     4  stm32f10x_it.o(.text)
    BusFault_Handler                         0x0800029d   Thumb Code     4  stm32f10x_it.o(.text)
    UsageFault_Handler                       0x080002a1   Thumb Code     4  stm32f10x_it.o(.text)
    SVC_Handler                              0x080002a5   Thumb Code     2  stm32f10x_it.o(.text)
    DebugMon_Handler                         0x080002a7   Thumb Code     2  stm32f10x_it.o(.text)
    PendSV_Handler                           0x080002a9   Thumb Code     2  stm32f10x_it.o(.text)
    SysTick_Handler                          0x080002ab   Thumb Code     2  stm32f10x_it.o(.text)
    SystemInit                               0x08000389   Thumb Code    78  system_stm32f10x.o(.text)
    SystemCoreClockUpdate                    0x080003d7   Thumb Code   142  system_stm32f10x.o(.text)
    usartConfigInit                          0x08000489   Thumb Code   160  usart.o(.text)
    usartParamsInit                          0x08000529   Thumb Code    20  usart.o(.text)
    USART1_IRQHandler                        0x0800053d   Thumb Code   706  usart.o(.text)
    fputc                                    0x080007ff   Thumb Code    32  usart.o(.text)
    fgetc                                    0x0800081f   Thumb Code    26  usart.o(.text)
    USART1_Send_Byte                         0x08000839   Thumb Code    24  usart.o(.text)
    USART_Send_Enter                         0x08000851   Thumb Code    16  usart.o(.text)
    USART_Send_Str                           0x08000861   Thumb Code   100  usart.o(.text)
    u32tostr                                 0x080008c5   Thumb Code    88  usart.o(.text)
    USART_Put_Num                            0x0800091d   Thumb Code    24  usart.o(.text)
    USART_Put_Inf                            0x08000935   Thumb Code    26  usart.o(.text)
    LED_Init                                 0x08000955   Thumb Code    38  led.o(.text)
    keyInit                                  0x08000981   Thumb Code    32  key.o(.text)
    KEY_Scan                                 0x080009a1   Thumb Code    76  key.o(.text)
    MotorParamsInit                          0x080009fd   Thumb Code    22  steppermotor.o(.text)
    Motor_GPIO_Configuration                 0x08000a13   Thumb Code    76  steppermotor.o(.text)
    FreePoleParamsInit                       0x08000a71   Thumb Code    38  freepole.o(.text)
    MINI256_GPIO_Config                      0x08000a9d   Thumb Code    52  mini256z.o(.text)
    MINI256_EXIT_Config                      0x08000ad1   Thumb Code    78  mini256z.o(.text)
    MINI256Z_TIM3_Init                       0x08000b1f   Thumb Code   108  mini256z.o(.text)
    Get_Electrical_Angle_MINI256Z            0x08000b8b   Thumb Code    40  mini256z.o(.text)
    Get_Electrical_Position_MINI256Z         0x08000bb3   Thumb Code    14  mini256z.o(.text)
    calcAngleSpeed_MINI256                   0x08000bc1   Thumb Code   222  mini256z.o(.text)
    getAngleMaxpointFlag_MINI256             0x08000c9f   Thumb Code   204  mini256z.o(.text)
    EXTI9_5_IRQHandler                       0x08000d6b   Thumb Code    32  mini256z.o(.text)
    PID_Init                                 0x08000dc1   Thumb Code   128  pid.o(.text)
    PID_Control_V0_4                         0x08000e41   Thumb Code   508  pid.o(.text)
    PID_Motor_Position_Control               0x0800103d   Thumb Code   476  pid.o(.text)
    MYDMA_Config                             0x08001225   Thumb Code    82  mydma.o(.text)
    MYDMA_Enable                             0x08001277   Thumb Code    32  mydma.o(.text)
    USART_DMA1_Send                          0x08001297   Thumb Code    80  mydma.o(.text)
    DMA_Data_Listen                          0x080012e7   Thumb Code    76  mydma.o(.text)
    Filter_Init                              0x08001359   Thumb Code    36  filter.o(.text)
    windowSlideFilter                        0x0800137d   Thumb Code    90  filter.o(.text)
    delay_init                               0x080013e1   Thumb Code    50  delay.o(.text)
    delay_us                                 0x08001413   Thumb Code    70  delay.o(.text)
    delay_ms                                 0x08001459   Thumb Code    70  delay.o(.text)
    TIM4_Configuration                       0x080014b1   Thumb Code   108  tim4.o(.text)
    TIM4_IRQHandler                          0x0800151d   Thumb Code   178  tim4.o(.text)
    TIM2_Configuration                       0x080015f1   Thumb Code   174  tim2_ch4_pwm.o(.text)
    SET_TIM2_CH4_Fre                         0x0800169f   Thumb Code   146  tim2_ch4_pwm.o(.text)
    TIM2_IRQHandler                          0x08001731   Thumb Code   114  tim2_ch4_pwm.o(.text)
    Reset_Handler                            0x080017c1   Thumb Code     8  startup_stm32f10x_hd.o(.text)
    ADC1_2_IRQHandler                        0x080017db   Thumb Code     0  startup_stm32f10x_hd.o(.text)
    ADC3_IRQHandler                          0x080017db   Thumb Code     0  startup_stm32f10x_hd.o(.text)
    CAN1_RX1_IRQHandler                      0x080017db   Thumb Code     0  startup_stm32f10x_hd.o(.text)
    CAN1_SCE_IRQHandler                      0x080017db   Thumb Code     0  startup_stm32f10x_hd.o(.text)
    DMA1_Channel1_IRQHandler                 0x080017db   Thumb Code     0  startup_stm32f10x_hd.o(.text)
    DMA1_Channel2_IRQHandler                 0x080017db   Thumb Code     0  startup_stm32f10x_hd.o(.text)
    DMA1_Channel3_IRQHandler                 0x080017db   Thumb Code     0  startup_stm32f10x_hd.o(.text)
    DMA1_Channel4_IRQHandler                 0x080017db   Thumb Code     0  startup_stm32f10x_hd.o(.text)
    DMA1_Channel5_IRQHandler                 0x080017db   Thumb Code     0  startup_stm32f10x_hd.o(.text)
    DMA1_Channel6_IRQHandler                 0x080017db   Thumb Code     0  startup_stm32f10x_hd.o(.text)
    DMA1_Channel7_IRQHandler                 0x080017db   Thumb Code     0  startup_stm32f10x_hd.o(.text)
    DMA2_Channel1_IRQHandler                 0x080017db   Thumb Code     0  startup_stm32f10x_hd.o(.text)
    DMA2_Channel2_IRQHandler                 0x080017db   Thumb Code     0  startup_stm32f10x_hd.o(.text)
    DMA2_Channel3_IRQHandler                 0x080017db   Thumb Code     0  startup_stm32f10x_hd.o(.text)
    DMA2_Channel4_5_IRQHandler               0x080017db   Thumb Code     0  startup_stm32f10x_hd.o(.text)
    EXTI0_IRQHandler                         0x080017db   Thumb Code     0  startup_stm32f10x_hd.o(.text)
    EXTI15_10_IRQHandler                     0x080017db   Thumb Code     0  startup_stm32f10x_hd.o(.text)
    EXTI1_IRQHandler                         0x080017db   Thumb Code     0  startup_stm32f10x_hd.o(.text)
    EXTI2_IRQHandler                         0x080017db   Thumb Code     0  startup_stm32f10x_hd.o(.text)
    EXTI3_IRQHandler                         0x080017db   Thumb Code     0  startup_stm32f10x_hd.o(.text)
    EXTI4_IRQHandler                         0x080017db   Thumb Code     0  startup_stm32f10x_hd.o(.text)
    FLASH_IRQHandler                         0x080017db   Thumb Code     0  startup_stm32f10x_hd.o(.text)
    FSMC_IRQHandler                          0x080017db   Thumb Code     0  startup_stm32f10x_hd.o(.text)
    I2C1_ER_IRQHandler                       0x080017db   Thumb Code     0  startup_stm32f10x_hd.o(.text)
    I2C1_EV_IRQHandler                       0x080017db   Thumb Code     0  startup_stm32f10x_hd.o(.text)
    I2C2_ER_IRQHandler                       0x080017db   Thumb Code     0  startup_stm32f10x_hd.o(.text)
    I2C2_EV_IRQHandler                       0x080017db   Thumb Code     0  startup_stm32f10x_hd.o(.text)
    PVD_IRQHandler                           0x080017db   Thumb Code     0  startup_stm32f10x_hd.o(.text)
    RCC_IRQHandler                           0x080017db   Thumb Code     0  startup_stm32f10x_hd.o(.text)
    RTCAlarm_IRQHandler                      0x080017db   Thumb Code     0  startup_stm32f10x_hd.o(.text)
    RTC_IRQHandler                           0x080017db   Thumb Code     0  startup_stm32f10x_hd.o(.text)
    SDIO_IRQHandler                          0x080017db   Thumb Code     0  startup_stm32f10x_hd.o(.text)
    SPI1_IRQHandler                          0x080017db   Thumb Code     0  startup_stm32f10x_hd.o(.text)
    SPI2_IRQHandler                          0x080017db   Thumb Code     0  startup_stm32f10x_hd.o(.text)
    SPI3_IRQHandler                          0x080017db   Thumb Code     0  startup_stm32f10x_hd.o(.text)
    TAMPER_IRQHandler                        0x080017db   Thumb Code     0  startup_stm32f10x_hd.o(.text)
    TIM1_BRK_IRQHandler                      0x080017db   Thumb Code     0  startup_stm32f10x_hd.o(.text)
    TIM1_CC_IRQHandler                       0x080017db   Thumb Code     0  startup_stm32f10x_hd.o(.text)
    TIM1_TRG_COM_IRQHandler                  0x080017db   Thumb Code     0  startup_stm32f10x_hd.o(.text)
    TIM1_UP_IRQHandler                       0x080017db   Thumb Code     0  startup_stm32f10x_hd.o(.text)
    TIM3_IRQHandler                          0x080017db   Thumb Code     0  startup_stm32f10x_hd.o(.text)
    TIM5_IRQHandler                          0x080017db   Thumb Code     0  startup_stm32f10x_hd.o(.text)
    TIM6_IRQHandler                          0x080017db   Thumb Code     0  startup_stm32f10x_hd.o(.text)
    TIM7_IRQHandler                          0x080017db   Thumb Code     0  startup_stm32f10x_hd.o(.text)
    TIM8_BRK_IRQHandler                      0x080017db   Thumb Code     0  startup_stm32f10x_hd.o(.text)
    TIM8_CC_IRQHandler                       0x080017db   Thumb Code     0  startup_stm32f10x_hd.o(.text)
    TIM8_TRG_COM_IRQHandler                  0x080017db   Thumb Code     0  startup_stm32f10x_hd.o(.text)
    TIM8_UP_IRQHandler                       0x080017db   Thumb Code     0  startup_stm32f10x_hd.o(.text)
    UART4_IRQHandler                         0x080017db   Thumb Code     0  startup_stm32f10x_hd.o(.text)
    UART5_IRQHandler                         0x080017db   Thumb Code     0  startup_stm32f10x_hd.o(.text)
    USART2_IRQHandler                        0x080017db   Thumb Code     0  startup_stm32f10x_hd.o(.text)
    USART3_IRQHandler                        0x080017db   Thumb Code     0  startup_stm32f10x_hd.o(.text)
    USBWakeUp_IRQHandler                     0x080017db   Thumb Code     0  startup_stm32f10x_hd.o(.text)
    USB_HP_CAN1_TX_IRQHandler                0x080017db   Thumb Code     0  startup_stm32f10x_hd.o(.text)
    USB_LP_CAN1_RX0_IRQHandler               0x080017db   Thumb Code     0  startup_stm32f10x_hd.o(.text)
    WWDG_IRQHandler                          0x080017db   Thumb Code     0  startup_stm32f10x_hd.o(.text)
    NVIC_PriorityGroupConfig                 0x080017e5   Thumb Code    10  misc.o(.text)
    NVIC_Init                                0x080017ef   Thumb Code   102  misc.o(.text)
    NVIC_SetVectorTable                      0x08001855   Thumb Code    14  misc.o(.text)
    NVIC_SystemLPConfig                      0x08001863   Thumb Code    34  misc.o(.text)
    SysTick_CLKSourceConfig                  0x08001885   Thumb Code    40  misc.o(.text)
    GPIO_DeInit                              0x080018c1   Thumb Code   172  stm32f10x_gpio.o(.text)
    GPIO_AFIODeInit                          0x0800196d   Thumb Code    20  stm32f10x_gpio.o(.text)
    GPIO_Init                                0x08001981   Thumb Code   274  stm32f10x_gpio.o(.text)
    GPIO_StructInit                          0x08001a93   Thumb Code    16  stm32f10x_gpio.o(.text)
    GPIO_ReadInputDataBit                    0x08001aa3   Thumb Code    18  stm32f10x_gpio.o(.text)
    GPIO_ReadInputData                       0x08001ab5   Thumb Code     8  stm32f10x_gpio.o(.text)
    GPIO_ReadOutputDataBit                   0x08001abd   Thumb Code    18  stm32f10x_gpio.o(.text)
    GPIO_ReadOutputData                      0x08001acf   Thumb Code     8  stm32f10x_gpio.o(.text)
    GPIO_SetBits                             0x08001ad7   Thumb Code     4  stm32f10x_gpio.o(.text)
    GPIO_ResetBits                           0x08001adb   Thumb Code     4  stm32f10x_gpio.o(.text)
    GPIO_WriteBit                            0x08001adf   Thumb Code    10  stm32f10x_gpio.o(.text)
    GPIO_Write                               0x08001ae9   Thumb Code     4  stm32f10x_gpio.o(.text)
    GPIO_PinLockConfig                       0x08001aed   Thumb Code    18  stm32f10x_gpio.o(.text)
    GPIO_EventOutputConfig                   0x08001aff   Thumb Code    26  stm32f10x_gpio.o(.text)
    GPIO_EventOutputCmd                      0x08001b19   Thumb Code     6  stm32f10x_gpio.o(.text)
    GPIO_PinRemapConfig                      0x08001b1f   Thumb Code   138  stm32f10x_gpio.o(.text)
    GPIO_EXTILineConfig                      0x08001ba9   Thumb Code    66  stm32f10x_gpio.o(.text)
    GPIO_ETH_MediaInterfaceConfig            0x08001beb   Thumb Code     6  stm32f10x_gpio.o(.text)
    RCC_DeInit                               0x08001c19   Thumb Code    64  stm32f10x_rcc.o(.text)
    RCC_HSEConfig                            0x08001c59   Thumb Code    70  stm32f10x_rcc.o(.text)
    RCC_GetFlagStatus                        0x08001c9f   Thumb Code    56  stm32f10x_rcc.o(.text)
    RCC_WaitForHSEStartUp                    0x08001cd7   Thumb Code    56  stm32f10x_rcc.o(.text)
    RCC_AdjustHSICalibrationValue            0x08001d0f   Thumb Code    20  stm32f10x_rcc.o(.text)
    RCC_HSICmd                               0x08001d23   Thumb Code     6  stm32f10x_rcc.o(.text)
    RCC_PLLConfig                            0x08001d29   Thumb Code    24  stm32f10x_rcc.o(.text)
    RCC_PLLCmd                               0x08001d41   Thumb Code     6  stm32f10x_rcc.o(.text)
    RCC_SYSCLKConfig                         0x08001d47   Thumb Code    18  stm32f10x_rcc.o(.text)
    RCC_GetSYSCLKSource                      0x08001d59   Thumb Code    10  stm32f10x_rcc.o(.text)
    RCC_HCLKConfig                           0x08001d63   Thumb Code    18  stm32f10x_rcc.o(.text)
    RCC_PCLK1Config                          0x08001d75   Thumb Code    18  stm32f10x_rcc.o(.text)
    RCC_PCLK2Config                          0x08001d87   Thumb Code    20  stm32f10x_rcc.o(.text)
    RCC_ITConfig                             0x08001d9b   Thumb Code    26  stm32f10x_rcc.o(.text)
    RCC_USBCLKConfig                         0x08001db5   Thumb Code     6  stm32f10x_rcc.o(.text)
    RCC_ADCCLKConfig                         0x08001dbb   Thumb Code    18  stm32f10x_rcc.o(.text)
    RCC_LSEConfig                            0x08001dcd   Thumb Code    44  stm32f10x_rcc.o(.text)
    RCC_LSICmd                               0x08001df9   Thumb Code     6  stm32f10x_rcc.o(.text)
    RCC_RTCCLKConfig                         0x08001dff   Thumb Code    12  stm32f10x_rcc.o(.text)
    RCC_RTCCLKCmd                            0x08001e0b   Thumb Code     8  stm32f10x_rcc.o(.text)
    RCC_GetClocksFreq                        0x08001e13   Thumb Code   192  stm32f10x_rcc.o(.text)
    RCC_AHBPeriphClockCmd                    0x08001ed3   Thumb Code    26  stm32f10x_rcc.o(.text)
    RCC_APB2PeriphClockCmd                   0x08001eed   Thumb Code    26  stm32f10x_rcc.o(.text)
    RCC_APB1PeriphClockCmd                   0x08001f07   Thumb Code    26  stm32f10x_rcc.o(.text)
    RCC_APB2PeriphResetCmd                   0x08001f21   Thumb Code    26  stm32f10x_rcc.o(.text)
    RCC_APB1PeriphResetCmd                   0x08001f3b   Thumb Code    26  stm32f10x_rcc.o(.text)
    RCC_BackupResetCmd                       0x08001f55   Thumb Code     8  stm32f10x_rcc.o(.text)
    RCC_ClockSecuritySystemCmd               0x08001f5d   Thumb Code     6  stm32f10x_rcc.o(.text)
    RCC_MCOConfig                            0x08001f63   Thumb Code     6  stm32f10x_rcc.o(.text)
    RCC_ClearFlag                            0x08001f69   Thumb Code    14  stm32f10x_rcc.o(.text)
    RCC_GetITStatus                          0x08001f77   Thumb Code    20  stm32f10x_rcc.o(.text)
    RCC_ClearITPendingBit                    0x08001f8b   Thumb Code     6  stm32f10x_rcc.o(.text)
    TIM_DeInit                               0x08001fbd   Thumb Code   424  stm32f10x_tim.o(.text)
    TIM_TimeBaseInit                         0x08002165   Thumb Code   122  stm32f10x_tim.o(.text)
    TIM_OC1Init                              0x080021df   Thumb Code   132  stm32f10x_tim.o(.text)
    TIM_OC2Init                              0x08002263   Thumb Code   154  stm32f10x_tim.o(.text)
    TIM_OC3Init                              0x080022fd   Thumb Code   150  stm32f10x_tim.o(.text)
    TIM_OC4Init                              0x08002393   Thumb Code   182  stm32f10x_tim.o(.text)
    TIM_SetIC4Prescaler                      0x08002449   Thumb Code    26  stm32f10x_tim.o(.text)
    TIM_SetIC3Prescaler                      0x080024e5   Thumb Code    18  stm32f10x_tim.o(.text)
    TIM_SetIC2Prescaler                      0x08002571   Thumb Code    26  stm32f10x_tim.o(.text)
    TIM_SetIC1Prescaler                      0x0800260d   Thumb Code    18  stm32f10x_tim.o(.text)
    TIM_ICInit                               0x0800268b   Thumb Code   150  stm32f10x_tim.o(.text)
    TIM_PWMIConfig                           0x08002721   Thumb Code   124  stm32f10x_tim.o(.text)
    TIM_BDTRConfig                           0x0800279d   Thumb Code    32  stm32f10x_tim.o(.text)
    TIM_TimeBaseStructInit                   0x080027bd   Thumb Code    18  stm32f10x_tim.o(.text)
    TIM_OCStructInit                         0x080027cf   Thumb Code    20  stm32f10x_tim.o(.text)
    TIM_ICStructInit                         0x080027e3   Thumb Code    18  stm32f10x_tim.o(.text)
    TIM_BDTRStructInit                       0x080027f5   Thumb Code    40  stm32f10x_tim.o(.text)
    TIM_Cmd                                  0x0800281d   Thumb Code    24  stm32f10x_tim.o(.text)
    TIM_CtrlPWMOutputs                       0x08002835   Thumb Code    30  stm32f10x_tim.o(.text)
    TIM_ITConfig                             0x08002853   Thumb Code    18  stm32f10x_tim.o(.text)
    TIM_GenerateEvent                        0x08002865   Thumb Code     4  stm32f10x_tim.o(.text)
    TIM_DMAConfig                            0x08002869   Thumb Code    10  stm32f10x_tim.o(.text)
    TIM_DMACmd                               0x08002873   Thumb Code    18  stm32f10x_tim.o(.text)
    TIM_InternalClockConfig                  0x08002885   Thumb Code    12  stm32f10x_tim.o(.text)
    TIM_SelectInputTrigger                   0x08002891   Thumb Code    18  stm32f10x_tim.o(.text)
    TIM_ITRxExternalClockConfig              0x080028a3   Thumb Code    24  stm32f10x_tim.o(.text)
    TIM_TIxExternalClockConfig               0x080028bb   Thumb Code    62  stm32f10x_tim.o(.text)
    TIM_ETRConfig                            0x080028f9   Thumb Code    28  stm32f10x_tim.o(.text)
    TIM_ETRClockMode1Config                  0x08002915   Thumb Code    54  stm32f10x_tim.o(.text)
    TIM_ETRClockMode2Config                  0x0800294b   Thumb Code    32  stm32f10x_tim.o(.text)
    TIM_PrescalerConfig                      0x0800296b   Thumb Code     6  stm32f10x_tim.o(.text)
    TIM_CounterModeConfig                    0x08002971   Thumb Code    18  stm32f10x_tim.o(.text)
    TIM_EncoderInterfaceConfig               0x08002983   Thumb Code    66  stm32f10x_tim.o(.text)
    TIM_ForcedOC1Config                      0x080029c5   Thumb Code    18  stm32f10x_tim.o(.text)
    TIM_ForcedOC2Config                      0x080029d7   Thumb Code    26  stm32f10x_tim.o(.text)
    TIM_ForcedOC3Config                      0x080029f1   Thumb Code    18  stm32f10x_tim.o(.text)
    TIM_ForcedOC4Config                      0x08002a03   Thumb Code    26  stm32f10x_tim.o(.text)
    TIM_ARRPreloadConfig                     0x08002a1d   Thumb Code    24  stm32f10x_tim.o(.text)
    TIM_SelectCOM                            0x08002a35   Thumb Code    24  stm32f10x_tim.o(.text)
    TIM_SelectCCDMA                          0x08002a4d   Thumb Code    24  stm32f10x_tim.o(.text)
    TIM_CCPreloadControl                     0x08002a65   Thumb Code    24  stm32f10x_tim.o(.text)
    TIM_OC1PreloadConfig                     0x08002a7d   Thumb Code    18  stm32f10x_tim.o(.text)
    TIM_OC2PreloadConfig                     0x08002a8f   Thumb Code    26  stm32f10x_tim.o(.text)
    TIM_OC3PreloadConfig                     0x08002aa9   Thumb Code    18  stm32f10x_tim.o(.text)
    TIM_OC4PreloadConfig                     0x08002abb   Thumb Code    26  stm32f10x_tim.o(.text)
    TIM_OC1FastConfig                        0x08002ad5   Thumb Code    18  stm32f10x_tim.o(.text)
    TIM_OC2FastConfig                        0x08002ae7   Thumb Code    26  stm32f10x_tim.o(.text)
    TIM_OC3FastConfig                        0x08002b01   Thumb Code    18  stm32f10x_tim.o(.text)
    TIM_OC4FastConfig                        0x08002b13   Thumb Code    26  stm32f10x_tim.o(.text)
    TIM_ClearOC1Ref                          0x08002b2d   Thumb Code    18  stm32f10x_tim.o(.text)
    TIM_ClearOC2Ref                          0x08002b3f   Thumb Code    24  stm32f10x_tim.o(.text)
    TIM_ClearOC3Ref                          0x08002b57   Thumb Code    18  stm32f10x_tim.o(.text)
    TIM_ClearOC4Ref                          0x08002b69   Thumb Code    24  stm32f10x_tim.o(.text)
    TIM_OC1PolarityConfig                    0x08002b81   Thumb Code    18  stm32f10x_tim.o(.text)
    TIM_OC1NPolarityConfig                   0x08002b93   Thumb Code    18  stm32f10x_tim.o(.text)
    TIM_OC2PolarityConfig                    0x08002ba5   Thumb Code    26  stm32f10x_tim.o(.text)
    TIM_OC2NPolarityConfig                   0x08002bbf   Thumb Code    26  stm32f10x_tim.o(.text)
    TIM_OC3PolarityConfig                    0x08002bd9   Thumb Code    26  stm32f10x_tim.o(.text)
    TIM_OC3NPolarityConfig                   0x08002bf3   Thumb Code    26  stm32f10x_tim.o(.text)
    TIM_OC4PolarityConfig                    0x08002c0d   Thumb Code    26  stm32f10x_tim.o(.text)
    TIM_CCxCmd                               0x08002c27   Thumb Code    30  stm32f10x_tim.o(.text)
    TIM_CCxNCmd                              0x08002c45   Thumb Code    30  stm32f10x_tim.o(.text)
    TIM_SelectOCxM                           0x08002c63   Thumb Code    82  stm32f10x_tim.o(.text)
    TIM_UpdateDisableConfig                  0x08002cb5   Thumb Code    24  stm32f10x_tim.o(.text)
    TIM_UpdateRequestConfig                  0x08002ccd   Thumb Code    24  stm32f10x_tim.o(.text)
    TIM_SelectHallSensor                     0x08002ce5   Thumb Code    24  stm32f10x_tim.o(.text)
    TIM_SelectOnePulseMode                   0x08002cfd   Thumb Code    18  stm32f10x_tim.o(.text)
    TIM_SelectOutputTrigger                  0x08002d0f   Thumb Code    18  stm32f10x_tim.o(.text)
    TIM_SelectSlaveMode                      0x08002d21   Thumb Code    18  stm32f10x_tim.o(.text)
    TIM_SelectMasterSlaveMode                0x08002d33   Thumb Code    18  stm32f10x_tim.o(.text)
    TIM_SetCounter                           0x08002d45   Thumb Code     4  stm32f10x_tim.o(.text)
    TIM_SetAutoreload                        0x08002d49   Thumb Code     4  stm32f10x_tim.o(.text)
    TIM_SetCompare1                          0x08002d4d   Thumb Code     4  stm32f10x_tim.o(.text)
    TIM_SetCompare2                          0x08002d51   Thumb Code     4  stm32f10x_tim.o(.text)
    TIM_SetCompare3                          0x08002d55   Thumb Code     4  stm32f10x_tim.o(.text)
    TIM_SetCompare4                          0x08002d59   Thumb Code     6  stm32f10x_tim.o(.text)
    TIM_SetClockDivision                     0x08002d5f   Thumb Code    18  stm32f10x_tim.o(.text)
    TIM_GetCapture1                          0x08002d71   Thumb Code     6  stm32f10x_tim.o(.text)
    TIM_GetCapture2                          0x08002d77   Thumb Code     6  stm32f10x_tim.o(.text)
    TIM_GetCapture3                          0x08002d7d   Thumb Code     6  stm32f10x_tim.o(.text)
    TIM_GetCapture4                          0x08002d83   Thumb Code     8  stm32f10x_tim.o(.text)
    TIM_GetCounter                           0x08002d8b   Thumb Code     6  stm32f10x_tim.o(.text)
    TIM_GetPrescaler                         0x08002d91   Thumb Code     6  stm32f10x_tim.o(.text)
    TIM_GetFlagStatus                        0x08002d97   Thumb Code    18  stm32f10x_tim.o(.text)
    TIM_ClearFlag                            0x08002da9   Thumb Code     6  stm32f10x_tim.o(.text)
    TIM_GetITStatus                          0x08002daf   Thumb Code    34  stm32f10x_tim.o(.text)
    TIM_ClearITPendingBit                    0x08002dd1   Thumb Code     6  stm32f10x_tim.o(.text)
    USART_DeInit                             0x08002dd9   Thumb Code   134  stm32f10x_usart.o(.text)
    USART_Init                               0x08002e5f   Thumb Code   210  stm32f10x_usart.o(.text)
    USART_StructInit                         0x08002f31   Thumb Code    24  stm32f10x_usart.o(.text)
    USART_ClockInit                          0x08002f49   Thumb Code    34  stm32f10x_usart.o(.text)
    USART_ClockStructInit                    0x08002f6b   Thumb Code    12  stm32f10x_usart.o(.text)
    USART_Cmd                                0x08002f77   Thumb Code    24  stm32f10x_usart.o(.text)
    USART_ITConfig                           0x08002f8f   Thumb Code    74  stm32f10x_usart.o(.text)
    USART_DMACmd                             0x08002fd9   Thumb Code    18  stm32f10x_usart.o(.text)
    USART_SetAddress                         0x08002feb   Thumb Code    18  stm32f10x_usart.o(.text)
    USART_WakeUpConfig                       0x08002ffd   Thumb Code    18  stm32f10x_usart.o(.text)
    USART_ReceiverWakeUpCmd                  0x0800300f   Thumb Code    24  stm32f10x_usart.o(.text)
    USART_LINBreakDetectLengthConfig         0x08003027   Thumb Code    18  stm32f10x_usart.o(.text)
    USART_LINCmd                             0x08003039   Thumb Code    24  stm32f10x_usart.o(.text)
    USART_SendData                           0x08003051   Thumb Code     8  stm32f10x_usart.o(.text)
    USART_ReceiveData                        0x08003059   Thumb Code    10  stm32f10x_usart.o(.text)
    USART_SendBreak                          0x08003063   Thumb Code    10  stm32f10x_usart.o(.text)
    USART_SetGuardTime                       0x0800306d   Thumb Code    16  stm32f10x_usart.o(.text)
    USART_SetPrescaler                       0x0800307d   Thumb Code    16  stm32f10x_usart.o(.text)
    USART_SmartCardCmd                       0x0800308d   Thumb Code    24  stm32f10x_usart.o(.text)
    USART_SmartCardNACKCmd                   0x080030a5   Thumb Code    24  stm32f10x_usart.o(.text)
    USART_HalfDuplexCmd                      0x080030bd   Thumb Code    24  stm32f10x_usart.o(.text)
    USART_OverSampling8Cmd                   0x080030d5   Thumb Code    22  stm32f10x_usart.o(.text)
    USART_OneBitMethodCmd                    0x080030eb   Thumb Code    24  stm32f10x_usart.o(.text)
    USART_IrDAConfig                         0x08003103   Thumb Code    18  stm32f10x_usart.o(.text)
    USART_IrDACmd                            0x08003115   Thumb Code    24  stm32f10x_usart.o(.text)
    USART_GetFlagStatus                      0x0800312d   Thumb Code    26  stm32f10x_usart.o(.text)
    USART_ClearFlag                          0x08003147   Thumb Code    18  stm32f10x_usart.o(.text)
    USART_GetITStatus                        0x08003159   Thumb Code    84  stm32f10x_usart.o(.text)
    USART_ClearITPendingBit                  0x080031ad   Thumb Code    52  stm32f10x_usart.o(.text)
    EXTI_DeInit                              0x080031e1   Thumb Code    28  stm32f10x_exti.o(.text)
    EXTI_Init                                0x080031fd   Thumb Code   142  stm32f10x_exti.o(.text)
    EXTI_StructInit                          0x0800328b   Thumb Code    16  stm32f10x_exti.o(.text)
    EXTI_GenerateSWInterrupt                 0x0800329b   Thumb Code    16  stm32f10x_exti.o(.text)
    EXTI_GetFlagStatus                       0x080032ab   Thumb Code    22  stm32f10x_exti.o(.text)
    EXTI_ClearFlag                           0x080032c1   Thumb Code     8  stm32f10x_exti.o(.text)
    EXTI_GetITStatus                         0x080032c9   Thumb Code    34  stm32f10x_exti.o(.text)
    EXTI_ClearITPendingBit                   0x080032eb   Thumb Code     8  stm32f10x_exti.o(.text)
    DMA_DeInit                               0x080032fd   Thumb Code   324  stm32f10x_dma.o(.text)
    DMA_Init                                 0x08003441   Thumb Code    60  stm32f10x_dma.o(.text)
    DMA_StructInit                           0x0800347d   Thumb Code    26  stm32f10x_dma.o(.text)
    DMA_Cmd                                  0x08003497   Thumb Code    24  stm32f10x_dma.o(.text)
    DMA_ITConfig                             0x080034af   Thumb Code    18  stm32f10x_dma.o(.text)
    DMA_SetCurrDataCounter                   0x080034c1   Thumb Code     4  stm32f10x_dma.o(.text)
    DMA_GetCurrDataCounter                   0x080034c5   Thumb Code     8  stm32f10x_dma.o(.text)
    DMA_GetFlagStatus                        0x080034cd   Thumb Code    38  stm32f10x_dma.o(.text)
    DMA_ClearFlag                            0x080034f3   Thumb Code    22  stm32f10x_dma.o(.text)
    DMA_GetITStatus                          0x08003509   Thumb Code    38  stm32f10x_dma.o(.text)
    DMA_ClearITPendingBit                    0x0800352f   Thumb Code    22  stm32f10x_dma.o(.text)
    __aeabi_memset                           0x0800354d   Thumb Code    14  memseta.o(.text)
    __aeabi_memset4                          0x0800354d   Thumb Code     0  memseta.o(.text)
    __aeabi_memset8                          0x0800354d   Thumb Code     0  memseta.o(.text)
    __aeabi_memclr                           0x0800355b   Thumb Code     4  memseta.o(.text)
    __aeabi_memclr4                          0x0800355b   Thumb Code     0  memseta.o(.text)
    __aeabi_memclr8                          0x0800355b   Thumb Code     0  memseta.o(.text)
    _memset$wrapper                          0x0800355f   Thumb Code    18  memseta.o(.text)
    strlen                                   0x08003571   Thumb Code    14  strlen.o(.text)
    atoi                                     0x0800357f   Thumb Code    26  atoi.o(.text)
    __aeabi_dadd                             0x08003599   Thumb Code   322  dadd.o(.text)
    __aeabi_dsub                             0x080036db   Thumb Code     6  dadd.o(.text)
    __aeabi_drsub                            0x080036e1   Thumb Code     6  dadd.o(.text)
    __aeabi_dmul                             0x080036e7   Thumb Code   228  dmul.o(.text)
    __aeabi_ddiv                             0x080037cb   Thumb Code   222  ddiv.o(.text)
    __aeabi_i2d                              0x080038a9   Thumb Code    34  dflti.o(.text)
    __aeabi_ui2d                             0x080038cb   Thumb Code    26  dfltui.o(.text)
    __aeabi_d2iz                             0x080038e5   Thumb Code    62  dfixi.o(.text)
    __aeabi_d2uiz                            0x08003923   Thumb Code    50  dfixui.o(.text)
    __aeabi_f2d                              0x08003955   Thumb Code    38  f2d.o(.text)
    __aeabi_cdcmpeq                          0x0800397d   Thumb Code     0  cdcmple.o(.text)
    __aeabi_cdcmple                          0x0800397d   Thumb Code    38  cdcmple.o(.text)
    __aeabi_cdrcmple                         0x080039a5   Thumb Code    38  cdrcmple.o(.text)
    __aeabi_d2f                              0x080039cd   Thumb Code    56  d2f.o(.text)
    __aeabi_uidiv                            0x08003a05   Thumb Code     0  uidiv.o(.text)
    __aeabi_uidivmod                         0x08003a05   Thumb Code    44  uidiv.o(.text)
    __aeabi_llsl                             0x08003a31   Thumb Code    30  llshl.o(.text)
    _ll_shift_l                              0x08003a31   Thumb Code     0  llshl.o(.text)
    __aeabi_llsr                             0x08003a4f   Thumb Code    32  llushr.o(.text)
    _ll_ushift_r                             0x08003a4f   Thumb Code     0  llushr.o(.text)
    __aeabi_lasr                             0x08003a6f   Thumb Code    36  llsshr.o(.text)
    _ll_sshift_r                             0x08003a6f   Thumb Code     0  llsshr.o(.text)
    __strtod_int                             0x08003acb   Thumb Code    88  strtod.o(.text)
    strtol                                   0x08003b31   Thumb Code   112  strtol.o(.text)
    __I$use$fp                               0x08003ba1   Thumb Code     0  iusefp.o(.text)
    _float_round                             0x08003ba1   Thumb Code    18  fepilogue.o(.text)
    _float_epilogue                          0x08003bb3   Thumb Code    90  fepilogue.o(.text)
    _double_round                            0x08003c0d   Thumb Code    26  depilogue.o(.text)
    _double_epilogue                         0x08003c27   Thumb Code   164  depilogue.o(.text)
    __scatterload                            0x08003ccd   Thumb Code    28  init.o(.text)
    __scatterload_rt2                        0x08003ccd   Thumb Code     0  init.o(.text)
    __rt_ctype_table                         0x08003cf1   Thumb Code     4  ctype_o.o(.text)
    isspace                                  0x08003cf9   Thumb Code    18  isspace_o.o(.text)
    _scanf_real                              0x08003e0d   Thumb Code     0  scanf_fp.o(.text)
    _scanf_really_real                       0x08003e0d   Thumb Code   560  scanf_fp.o(.text)
    _sgetc                                   0x08004049   Thumb Code    30  _sgetc.o(.text)
    _sbackspace                              0x08004067   Thumb Code    34  _sgetc.o(.text)
    _strtoul                                 0x08004089   Thumb Code   158  _strtoul.o(.text)
    _chval                                   0x08004127   Thumb Code    28  _chval.o(.text)
    __aeabi_ul2d                             0x08004143   Thumb Code    24  dfltul.o(.text)
    __0sprintf$6                             0x0800415d   Thumb Code    34  printf6.o(i.__0sprintf$6)
    __1sprintf$6                             0x0800415d   Thumb Code     0  printf6.o(i.__0sprintf$6)
    __2sprintf                               0x0800415d   Thumb Code     0  printf6.o(i.__0sprintf$6)
    __aeabi_errno_addr                       0x08004185   Thumb Code     4  errno.o(i.__aeabi_errno_addr)
    __rt_errno_addr                          0x08004185   Thumb Code     0  errno.o(i.__aeabi_errno_addr)
    __read_errno                             0x0800418d   Thumb Code     6  errno.o(i.__read_errno)
    __scatterload_copy                       0x08004199   Thumb Code    14  handlers.o(i.__scatterload_copy)
    __scatterload_null                       0x080041a7   Thumb Code     2  handlers.o(i.__scatterload_null)
    __scatterload_zeroinit                   0x080041a9   Thumb Code    14  handlers.o(i.__scatterload_zeroinit)
    __set_errno                              0x080041b9   Thumb Code     6  errno.o(i.__set_errno)
    _is_digit                                0x080041c5   Thumb Code    14  scanf_fp.o(i._is_digit)
    atof                                     0x08004529   Thumb Code    42  atof.o(i.atof)
    __ctype_table                            0x08004552   Data         129  ctype_o.o(.constdata)
    Region$$Table$$Base                      0x080045d8   Number         0  anon$$obj.o(Region$$Table)
    Region$$Table$$Limit                     0x080045f8   Number         0  anon$$obj.o(Region$$Table)
    SystemCoreClock                          0x20000000   Data           4  system_stm32f10x.o(.data)
    AHBPrescTable                            0x20000004   Data          16  system_stm32f10x.o(.data)
    TMP_Flag_End                             0x20000014   Data           1  usart.o(.data)
    TMP_Flag_Head                            0x20000015   Data           1  usart.o(.data)
    TMP_STA                                  0x20000016   Data           2  usart.o(.data)
    Usart_Commod_Flag                        0x20000018   Data           4  usart.o(.data)
    usartHead                                0x2000001c   Data           4  usart.o(.data)
    sum_AcutalAngle                          0x20000028   Data           8  mini256z.o(.data)
    AngleDifference                          0x20000030   Data           8  mini256z.o(.data)
    tmp                                      0x20000038   Data           8  mini256z.o(.data)
    sum_count                                0x20000040   Data           4  mini256z.o(.data)
    ENCODER_Z_Val                            0x20000044   Data           2  mini256z.o(.data)
    PID_SET_PID_OK                           0x20000046   Data           1  pid.o(.data)
    DMABuffcount                             0x20000048   Data           2  mydma.o(.data)
    DMA_GO                                   0x2000004a   Data           1  mydma.o(.data)
    SendBuff                                 0x2000004b   Data           8  mydma.o(.data)
    DMA1_MEM_LEN                             0x20000054   Data           2  mydma.o(.data)
    TIM4_TASK                                0x2000005c   Data           4  tim4.o(.data)
    count                                    0x20000060   Data           4  tim4.o(.data)
    timeout                                  0x20000064   Data           1  tim4.o(.data)
    USART_RX_BUF                             0x20000080   Data         200  usart.o(.bss)
    StepperMotor                             0x20000148   Data          36  steppermotor.o(.bss)
    FreePole                                 0x20000170   Data          48  freepole.o(.bss)
    pid                                      0x200001a0   Data          80  pid.o(.bss)
    pid4Motor                                0x200001f0   Data          80  pid.o(.bss)
    DMA_InitStructure                        0x20000240   Data          44  mydma.o(.bss)
    WindowFilter                             0x2000026c   Data          10  filter.o(.bss)
    TIM_BaseInitStructure                    0x20000276   Data          10  tim2_ch4_pwm.o(.bss)
    __initial_sp                             0x20000680   Data           0  startup_stm32f10x_hd.o(STACK)



==============================================================================

Memory Map of the image

  Image Entry point : 0x08000131

  Load Region LR_IROM1 (Base: 0x08000000, Size: 0x00004678, Max: 0x00080000, ABSOLUTE)

    Execution Region ER_IROM1 (Base: 0x08000000, Size: 0x000045f8, Max: 0x00080000, ABSOLUTE)

    Base Addr    Size         Type   Attr      Idx    E Section Name        Object

    0x08000000   0x00000130   Data   RO          405    RESET               startup_stm32f10x_hd.o
    0x08000130   0x00000000   Code   RO          500  * .ARM.Collect$$$$00000000  mc_w.l(entry.o)
    0x08000130   0x00000004   Code   RO          792    .ARM.Collect$$$$00000001  mc_w.l(entry2.o)
    0x08000134   0x00000004   Code   RO          795    .ARM.Collect$$$$00000004  mc_w.l(entry5.o)
    0x08000138   0x00000000   Code   RO          797    .ARM.Collect$$$$00000008  mc_w.l(entry7b.o)
    0x08000138   0x00000000   Code   RO          799    .ARM.Collect$$$$0000000A  mc_w.l(entry8b.o)
    0x08000138   0x00000008   Code   RO          800    .ARM.Collect$$$$0000000B  mc_w.l(entry9a.o)
    0x08000140   0x00000000   Code   RO          802    .ARM.Collect$$$$0000000D  mc_w.l(entry10a.o)
    0x08000140   0x00000000   Code   RO          804    .ARM.Collect$$$$0000000F  mc_w.l(entry11a.o)
    0x08000140   0x00000004   Code   RO          793    .ARM.Collect$$$$00002712  mc_w.l(entry2.o)
    0x08000144   0x00000148   Code   RO            1    .text               main.o
    0x0800028c   0x00000020   Code   RO          112    .text               stm32f10x_it.o
    0x080002ac   0x000001dc   Code   RO          147    .text               system_stm32f10x.o
    0x08000488   0x000004cc   Code   RO          165    .text               usart.o
    0x08000954   0x0000002c   Code   RO          188    .text               led.o
    0x08000980   0x0000007c   Code   RO          203    .text               key.o
    0x080009fc   0x00000074   Code   RO          219    .text               steppermotor.o
    0x08000a70   0x0000002c   Code   RO          237    .text               freepole.o
    0x08000a9c   0x00000324   Code   RO          255    .text               mini256z.o
    0x08000dc0   0x00000464   Code   RO          283    .text               pid.o
    0x08001224   0x00000134   Code   RO          302    .text               mydma.o
    0x08001358   0x00000088   Code   RO          321    .text               filter.o
    0x080013e0   0x000000d0   Code   RO          339    .text               delay.o
    0x080014b0   0x00000140   Code   RO          359    .text               tim4.o
    0x080015f0   0x000001d0   Code   RO          377    .text               tim2_ch4_pwm.o
    0x080017c0   0x00000024   Code   RO          406    .text               startup_stm32f10x_hd.o
    0x080017e4   0x000000dc   Code   RO          410    .text               misc.o
    0x080018c0   0x00000358   Code   RO          422    .text               stm32f10x_gpio.o
    0x08001c18   0x000003a4   Code   RO          434    .text               stm32f10x_rcc.o
    0x08001fbc   0x00000e1a   Code   RO          448    .text               stm32f10x_tim.o
    0x08002dd6   0x00000002   PAD
    0x08002dd8   0x00000408   Code   RO          460    .text               stm32f10x_usart.o
    0x080031e0   0x0000011c   Code   RO          472    .text               stm32f10x_exti.o
    0x080032fc   0x00000250   Code   RO          484    .text               stm32f10x_dma.o
    0x0800354c   0x00000024   Code   RO          503    .text               mc_w.l(memseta.o)
    0x08003570   0x0000000e   Code   RO          505    .text               mc_w.l(strlen.o)
    0x0800357e   0x0000001a   Code   RO          768    .text               mc_w.l(atoi.o)
    0x08003598   0x0000014e   Code   RO          770    .text               mf_w.l(dadd.o)
    0x080036e6   0x000000e4   Code   RO          772    .text               mf_w.l(dmul.o)
    0x080037ca   0x000000de   Code   RO          774    .text               mf_w.l(ddiv.o)
    0x080038a8   0x00000022   Code   RO          776    .text               mf_w.l(dflti.o)
    0x080038ca   0x0000001a   Code   RO          778    .text               mf_w.l(dfltui.o)
    0x080038e4   0x0000003e   Code   RO          780    .text               mf_w.l(dfixi.o)
    0x08003922   0x00000032   Code   RO          782    .text               mf_w.l(dfixui.o)
    0x08003954   0x00000026   Code   RO          784    .text               mf_w.l(f2d.o)
    0x0800397a   0x00000002   PAD
    0x0800397c   0x00000028   Code   RO          786    .text               mf_w.l(cdcmple.o)
    0x080039a4   0x00000028   Code   RO          788    .text               mf_w.l(cdrcmple.o)
    0x080039cc   0x00000038   Code   RO          790    .text               mf_w.l(d2f.o)
    0x08003a04   0x0000002c   Code   RO          807    .text               mc_w.l(uidiv.o)
    0x08003a30   0x0000001e   Code   RO          811    .text               mc_w.l(llshl.o)
    0x08003a4e   0x00000020   Code   RO          813    .text               mc_w.l(llushr.o)
    0x08003a6e   0x00000024   Code   RO          815    .text               mc_w.l(llsshr.o)
    0x08003a92   0x00000002   PAD
    0x08003a94   0x0000009c   Code   RO          824    .text               mc_w.l(strtod.o)
    0x08003b30   0x00000070   Code   RO          826    .text               mc_w.l(strtol.o)
    0x08003ba0   0x00000000   Code   RO          828    .text               mc_w.l(iusefp.o)
    0x08003ba0   0x0000006c   Code   RO          829    .text               mf_w.l(fepilogue.o)
    0x08003c0c   0x000000be   Code   RO          831    .text               mf_w.l(depilogue.o)
    0x08003cca   0x00000002   PAD
    0x08003ccc   0x00000024   Code   RO          835    .text               mc_w.l(init.o)
    0x08003cf0   0x00000008   Code   RO          839    .text               mc_w.l(ctype_o.o)
    0x08003cf8   0x00000012   Code   RO          861    .text               mc_w.l(isspace_o.o)
    0x08003d0a   0x00000002   PAD
    0x08003d0c   0x0000033c   Code   RO          867    .text               mc_w.l(scanf_fp.o)
    0x08004048   0x00000040   Code   RO          871    .text               mc_w.l(_sgetc.o)
    0x08004088   0x0000009e   Code   RO          873    .text               mc_w.l(_strtoul.o)
    0x08004126   0x0000001c   Code   RO          878    .text               mc_w.l(_chval.o)
    0x08004142   0x00000018   Code   RO          880    .text               mf_w.l(dfltul.o)
    0x0800415a   0x00000002   PAD
    0x0800415c   0x00000028   Code   RO          664    i.__0sprintf$6      mc_w.l(printf6.o)
    0x08004184   0x00000008   Code   RO          817    i.__aeabi_errno_addr  mc_w.l(errno.o)
    0x0800418c   0x0000000c   Code   RO          818    i.__read_errno      mc_w.l(errno.o)
    0x08004198   0x0000000e   Code   RO          884    i.__scatterload_copy  mc_w.l(handlers.o)
    0x080041a6   0x00000002   Code   RO          885    i.__scatterload_null  mc_w.l(handlers.o)
    0x080041a8   0x0000000e   Code   RO          886    i.__scatterload_zeroinit  mc_w.l(handlers.o)
    0x080041b6   0x00000002   PAD
    0x080041b8   0x0000000c   Code   RO          819    i.__set_errno       mc_w.l(errno.o)
    0x080041c4   0x0000000e   Code   RO          869    i._is_digit         mc_w.l(scanf_fp.o)
    0x080041d2   0x00000002   PAD
    0x080041d4   0x000002f4   Code   RO          669    i._printf_core      mc_w.l(printf6.o)
    0x080044c8   0x00000026   Code   RO          670    i._printf_post_padding  mc_w.l(printf6.o)
    0x080044ee   0x00000030   Code   RO          671    i._printf_pre_padding  mc_w.l(printf6.o)
    0x0800451e   0x0000000a   Code   RO          673    i._sputc            mc_w.l(printf6.o)
    0x08004528   0x0000002a   Code   RO          497    i.atof              m_ws.l(atof.o)
    0x08004552   0x00000081   Data   RO          840    .constdata          mc_w.l(ctype_o.o)
    0x080045d3   0x00000001   PAD
    0x080045d4   0x00000004   Data   RO          841    .constdata          mc_w.l(ctype_o.o)
    0x080045d8   0x00000020   Data   RO          882    Region$$Table       anon$$obj.o


    Execution Region RW_IRAM1 (Base: 0x20000000, Size: 0x00000680, Max: 0x00010000, ABSOLUTE)

    Base Addr    Size         Type   Attr      Idx    E Section Name        Object

    0x20000000   0x00000014   Data   RW          148    .data               system_stm32f10x.o
    0x20000014   0x0000000c   Data   RW          167    .data               usart.o
    0x20000020   0x00000001   Data   RW          204    .data               key.o
    0x20000021   0x00000007   PAD
    0x20000028   0x0000001e   Data   RW          256    .data               mini256z.o
    0x20000046   0x00000001   Data   RW          285    .data               pid.o
    0x20000047   0x00000001   PAD
    0x20000048   0x0000000e   Data   RW          304    .data               mydma.o
    0x20000056   0x00000004   Data   RW          340    .data               delay.o
    0x2000005a   0x00000002   PAD
    0x2000005c   0x00000009   Data   RW          360    .data               tim4.o
    0x20000065   0x00000014   Data   RW          435    .data               stm32f10x_rcc.o
    0x20000079   0x00000003   PAD
    0x2000007c   0x00000004   Data   RW          820    .data               mc_w.l(errno.o)
    0x20000080   0x000000c8   Zero   RW          166    .bss                usart.o
    0x20000148   0x00000024   Zero   RW          220    .bss                steppermotor.o
    0x2000016c   0x00000004   PAD
    0x20000170   0x00000030   Zero   RW          238    .bss                freepole.o
    0x200001a0   0x000000a0   Zero   RW          284    .bss                pid.o
    0x20000240   0x0000002c   Zero   RW          303    .bss                mydma.o
    0x2000026c   0x0000000a   Zero   RW          322    .bss                filter.o
    0x20000276   0x0000000a   Zero   RW          378    .bss                tim2_ch4_pwm.o
    0x20000280   0x00000400   Zero   RW          403    STACK               startup_stm32f10x_hd.o


==============================================================================

Image component sizes


      Code (inc. data)   RO Data    RW Data    ZI Data      Debug   Object Name

         0          0          0          0          0         32   core_cm3.o
       208         18          0          4          0        963   delay.o
       136         10          0          0         10       1299   filter.o
        44          6          0          0         48       1140   freepole.o
       124         16          0          1          0        691   key.o
        44          6          0          0          0        455   led.o
       328         40          0          0          0     281434   main.o
       804         54          0         30          0       2677   mini256z.o
       220         20          0          0          0       1777   misc.o
       308         38          0         14         44       2134   mydma.o
      1124         42          0          1        160       2086   pid.o
        36          8        304          0       1024        776   startup_stm32f10x_hd.o
       116         18          0          0         36       1678   steppermotor.o
       592          8          0          0          0       4302   stm32f10x_dma.o
       284         10          0          0          0       2207   stm32f10x_exti.o
       856         40          0          0          0       5621   stm32f10x_gpio.o
        32          0          0          0          0       1246   stm32f10x_it.o
       932         44          0         20          0       8776   stm32f10x_rcc.o
      3610         88          0          0          0      22104   stm32f10x_tim.o
      1032         22          0          0          0       8344   stm32f10x_usart.o
       476         36          0         20          0       1703   system_stm32f10x.o
       464         30          0          0         10       1314   tim2_ch4_pwm.o
       320         34          0          9          0       1031   tim4.o
      1228         64          0         12        200       4236   usart.o

    ----------------------------------------------------------------------
     13320        652        336        124       1536     358026   Object Totals
         0          0         32          0          0          0   (incl. Generated)
         2          0          0         13          4          0   (incl. Padding)

    ----------------------------------------------------------------------

      Code (inc. data)   RO Data    RW Data    ZI Data      Debug   Library Member Name

        42          0          0          0          0         84   atof.o
        28          0          0          0          0         68   _chval.o
        64          0          0          0          0         84   _sgetc.o
       158          0          0          0          0         92   _strtoul.o
        26          0          0          0          0         80   atoi.o
         8          4        133          0          0         68   ctype_o.o
         0          0          0          0          0          0   entry.o
         0          0          0          0          0          0   entry10a.o
         0          0          0          0          0          0   entry11a.o
         8          4          0          0          0          0   entry2.o
         4          0          0          0          0          0   entry5.o
         0          0          0          0          0          0   entry7b.o
         0          0          0          0          0          0   entry8b.o
         8          4          0          0          0          0   entry9a.o
        32         16          0          4          0        204   errno.o
        30          0          0          0          0          0   handlers.o
        36          8          0          0          0         68   init.o
        18          0          0          0          0         76   isspace_o.o
         0          0          0          0          0          0   iusefp.o
        30          0          0          0          0         68   llshl.o
        36          0          0          0          0         68   llsshr.o
        32          0          0          0          0         68   llushr.o
        36          0          0          0          0        108   memseta.o
       892         12          0          0          0        420   printf6.o
       842         12          0          0          0        216   scanf_fp.o
        14          0          0          0          0         68   strlen.o
       156         14          0          0          0        120   strtod.o
       112          0          0          0          0         88   strtol.o
        44          0          0          0          0         80   uidiv.o
        40          2          0          0          0         68   cdcmple.o
        40          2          0          0          0         68   cdrcmple.o
        56          0          0          0          0         88   d2f.o
       334          0          0          0          0        148   dadd.o
       222          0          0          0          0        100   ddiv.o
       190          0          0          0          0        176   depilogue.o
        62          0          0          0          0         80   dfixi.o
        50          0          0          0          0         76   dfixui.o
        34          0          0          0          0         76   dflti.o
        26          0          0          0          0         76   dfltui.o
        24          0          0          0          0         76   dfltul.o
       228          0          0          0          0         96   dmul.o
        38          0          0          0          0         68   f2d.o
       108          0          0          0          0        168   fepilogue.o

    ----------------------------------------------------------------------
      4122         78        134          4          0       3492   Library Totals
        14          0          1          0          0          0   (incl. Padding)

    ----------------------------------------------------------------------

      Code (inc. data)   RO Data    RW Data    ZI Data      Debug   Library Name

        42          0          0          0          0         84   m_ws.l
      2614         74        133          4          0       2044   mc_w.l
      1452          4          0          0          0       1364   mf_w.l

    ----------------------------------------------------------------------
      4122         78        134          4          0       3492   Library Totals

    ----------------------------------------------------------------------

==============================================================================


      Code (inc. data)   RO Data    RW Data    ZI Data      Debug   

     17442        730        470        128       1536     357670   Grand Totals
     17442        730        470        128       1536     357670   ELF Image Totals
     17442        730        470        128          0          0   ROM Totals

==============================================================================

    Total RO  Size (Code + RO Data)                17912 (  17.49kB)
    Total RW  Size (RW Data + ZI Data)              1664 (   1.63kB)
    Total ROM Size (Code + RO Data + RW Data)      18040 (  17.62kB)

==============================================================================

